******************************************************************************
                  TI ARM Linker PC v18.12.5                    
******************************************************************************
>> Linked Wed Apr 29 20:38:06 2020

OUTPUT FILE NAME:   <Lab9.out>
ENTRY POINT SYMBOL: "_c_int00_noargs"  address: 00003361


MEMORY CONFIGURATION

         name            origin    length      used     unused   attr    fill
----------------------  --------  ---------  --------  --------  ----  --------
  FLASH                 00000000   00040000  0000369b  0003c965  R  X
  SRAM                  20000000   00008000  000002c6  00007d3a  RW X


SEGMENT ALLOCATION MAP

run origin  load origin   length   init length attrs members
----------  ----------- ---------- ----------- ----- -------
00000000    00000000    000036a0   000036a0    r-x
  00000000    00000000    0000026c   0000026c    r-- .intvecs
  0000026c    0000026c    000032b4   000032b4    r-x .text
  00003520    00003520    0000014b   0000014b    r-- .const
  00003670    00003670    00000030   00000030    r-- .cinit
20000000    20000000    000002cd   00000000    rw-
  20000000    20000000    00000200   00000000    rw- .stack
  20000200    20000200    000000a9   00000000    rw- .bss
  200002b0    200002b0    00000010   00000000    rw- .sysmem
  200002c0    200002c0    0000000d   00000000    rw- .data


SECTION ALLOCATION MAP

 output                                  attributes/
section   page    origin      length       input sections
--------  ----  ----------  ----------   ----------------
.intvecs   0    00000000    0000026c     
                  00000000    0000026c     tm4c123gh6pm_startup_ccs.obj (.intvecs)

.text      0    0000026c    000032b4     
                  0000026c    00000a4e     rtsv7M4_T_le_v4SPD16_eabi.lib : _printfi.c.obj (.text:__TI_printfi)
                  00000cba    00000002                                   : div0.asm.obj (.text)
                  00000cbc    00000328     lcd.obj (.text)
                  00000fe4    000002a8     libcybotUART.lib : uart.obj (.text)
                  0000128c    00000278     main.obj (.text)
                  00001504    00000270     rtsv7M4_T_le_v4SPD16_eabi.lib : _printfi.c.obj (.text:_pconv_a)
                  00001774    00000264     lab9.obj (.text)
                  000019d8    00000248     Timer.obj (.text)
                  00001c20    000001dc     ping.obj (.text)
                  00001dfc    000001d0     rtsv7M4_T_le_v4SPD16_eabi.lib : _printfi.c.obj (.text:_pconv_g)
                  00001fcc    000001bc     libcybotScan.lib : ping.obj (.text)
                  00002188    000001b6     rtsv7M4_T_le_v4SPD16_eabi.lib : fd_add_t2.asm.obj (.text)
                  0000233e    00000002     --HOLE-- [fill = 0]
                  00002340    0000013c                                   : _printfi.c.obj (.text:_pconv_e)
                  0000247c    00000136                                   : fd_div_t2.asm.obj (.text)
                  000025b2    00000002     --HOLE-- [fill = 0]
                  000025b4    00000124                                   : _printfi.c.obj (.text:fcvt)
                  000026d8    00000110                                   : s_scalbn.c.obj (.text:scalbn)
                  000027e8    000000fc                                   : fd_mul_t2.asm.obj (.text)
                  000028e4    000000dc     libcybotScan.lib : ir.obj (.text)
                  000029c0    000000c4                      : servo.obj (.text)
                  00002a84    000000b4     ping_distance.obj (.text)
                  00002b38    000000b1     rtsv7M4_T_le_v4SPD16_eabi.lib : _printfi.c.obj (.text:_ltostr)
                  00002be9    00000001     --HOLE-- [fill = 0]
                  00002bea    0000009c                                   : memcpy_t2.asm.obj (.text)
                  00002c86    00000096                                   : ull_div_t2.asm.obj (.text)
                  00002d1c    00000086                                   : fd_cmp_t2.asm.obj (.text:__aeabi_cdcmple)
                  00002da2    00000086                                   : fd_cmp_t2.asm.obj (.text:__aeabi_cdrcmple)
                  00002e28    0000007a                                   : memset_t2.asm.obj (.text)
                  00002ea2    0000006e                                   : _printfi.c.obj (.text:_mcpy)
                  00002f10    0000006e                                   : fd_tos_t2.asm.obj (.text)
                  00002f7e    00000068                                   : copy_decompress_lzss.c.obj (.text:decompress:lzss:__TI_decompress_lzss)
                  00002fe6    00000002     --HOLE-- [fill = 0]
                  00002fe8    00000064                                   : s_frexp.c.obj (.text:frexp)
                  0000304c    00000056                                   : _printfi.c.obj (.text:_pconv_f)
                  000030a2    00000054                                   : ltoa.c.obj (.text:ltoa)
                  000030f6    00000052                                   : _printfi.c.obj (.text:_ecpy)
                  00003148    0000004c                                   : atoi.c.obj (.text:atoi)
                  00003194    00000048     libcybotScan.lib : cyBot_Scan.obj (.text)
                  000031dc    00000048     rtsv7M4_T_le_v4SPD16_eabi.lib : fd_toi_t2.asm.obj (.text)
                  00003224    00000044                                   : autoinit.c.obj (.text:__TI_auto_init_nobinit_nopinit:__TI_auto_init_nobinit_nopinit)
                  00003268    00000040                                   : sprintf.c.obj (.text:sprintf)
                  000032a8    00000040                                   : vsnprintf.c.obj (.text:vsnprintf)
                  000032e8    0000003e                                   : _printfi.c.obj (.text:_fcpy)
                  00003326    00000038                                   : fs_tod_t2.asm.obj (.text)
                  0000335e    00000002     --HOLE-- [fill = 0]
                  00003360    00000034                                   : boot_cortex_m.c.obj (.text:_c_int00_noargs:_c_int00_noargs)
                  00003394    00000030                                   : vsnprintf.c.obj (.text:_outs)
                  000033c4    0000002e                                   : i_tofd_t2.asm.obj (.text)
                  000033f2    0000001c                                   : copy_zero_init.c.obj (.text:decompress:ZI:__TI_zero_init_nomemset:__TI_zero_init_nomemset)
                  0000340e    0000001c                                   : memccpy.c.obj (.text:memccpy)
                  0000342a    0000001a                                   : s_copysign.c.obj (.text:copysign)
                  00003444    00000018                                   : vsnprintf.c.obj (.text:_outc)
                  0000345c    00000018                                   : sprintf.c.obj (.text:_outs)
                  00003474    00000018                                   : strcmp.c.obj (.text:strcmp)
                  0000348c    00000016                                   : strchr.c.obj (.text:strchr)
                  000034a2    00000014                                   : strcpy.c.obj (.text:strcpy)
                  000034b6    00000014                                   : strlen.c.obj (.text:strlen)
                  000034ca    00000012                                   : wcslen.c.obj (.text:wcslen)
                  000034dc    00000010     lcd.obj (.text:lcd_clear)
                  000034ec    0000000e     rtsv7M4_T_le_v4SPD16_eabi.lib : copy_decompress_none.c.obj (.text:decompress:none:__TI_decompress_none)
                  000034fa    0000000c     tm4c123gh6pm_startup_ccs.obj (.text)
                  00003506    0000000a     rtsv7M4_T_le_v4SPD16_eabi.lib : sprintf.c.obj (.text:_outc)
                  00003510    00000008                                   : errno.c.obj (.text:__aeabi_errno_addr)
                  00003518    00000004                                   : pre_init.c.obj (.text:_system_pre_init)
                  0000351c    00000004                                   : exit.c.obj (.text:abort:abort)

.const     0    00003520    0000014b     
                  00003520    00000101     rtsv7M4_T_le_v4SPD16_eabi.lib : ctype.c.obj (.const:.string:_ctypes_)
                  00003621    00000021     lab9.obj (.const:.string:$P$T0$1)
                  00003642    00000021     main.obj (.const:.string:$P$T0$1)
                  00003663    00000004     lcd.obj (.const:.string:lineAddress$1)
                  00003667    00000004     lcd.obj (.const:.string:lineAddresses$2)

.cinit     0    00003670    00000030     
                  00003670    0000000c     (__TI_handler_table)
                  0000367c    00000004     --HOLE-- [fill = 0]
                  00003680    00000008     (.cinit..bss.load) [load image, compression = zero_init]
                  00003688    00000007     (.cinit..data.load) [load image, compression = lzss]
                  0000368f    00000001     --HOLE-- [fill = 0]
                  00003690    00000010     (__TI_cinit_table)

.init_array 
*          0    00000000    00000000     UNINITIALIZED

.stack     0    20000000    00000200     UNINITIALIZED
                  20000000    00000004     rtsv7M4_T_le_v4SPD16_eabi.lib : boot_cortex_m.c.obj (.stack)
                  20000004    000001fc     --HOLE--

.bss       0    20000200    000000a9     UNINITIALIZED
                  20000200    00000054     lcd.obj (.bss:lastbuffer$3)
                  20000254    00000034     (.common:isr_char_buffer)
                  20000288    00000004     (.common:_timeout_ticks)
                  2000028c    00000004     (.common:distance)
                  20000290    00000004     (.common:fallingEdge)
                  20000294    00000004     (.common:isr_int_value)
                  20000298    00000004     (.common:numOverflow)
                  2000029c    00000004     (.common:pulseLength)
                  200002a0    00000004     (.common:risingEdge)
                  200002a4    00000004     (.common:totalClockCycles)
                  200002a8    00000001     (.common:isRisingEdge)

.sysmem    0    200002b0    00000010     UNINITIALIZED
                  200002b0    00000010     rtsv7M4_T_le_v4SPD16_eabi.lib : memory.c.obj (.sysmem)

.data      0    200002c0    0000000d     UNINITIALIZED
                  200002c0    00000004     libcybotUART.lib : uart.obj (.data)
                  200002c4    00000004     ping_distance.obj (.data)
                  200002c8    00000004     rtsv7M4_T_le_v4SPD16_eabi.lib : errno.c.obj (.data)
                  200002cc    00000001     Timer.obj (.data)

MODULE SUMMARY

       Module                         code    ro data   rw data
       ------                         ----    -------   -------
    .\
       lcd.obj                        824     8         84     
       main.obj                       632     33        0      
       lab9.obj                       612     33        0      
       tm4c123gh6pm_startup_ccs.obj   12      620       0      
       Timer.obj                      584     0         5      
       ping.obj                       476     0         12     
       ping_distance.obj              180     0         4      
    +--+------------------------------+-------+---------+---------+
       Total:                         3320    694       105    
                                                               
    ../libcybotScan.lib
       ping.obj                       444     0         13     
       ir.obj                         220     0         4      
       servo.obj                      196     0         0      
       cyBot_Scan.obj                 72      0         0      
    +--+------------------------------+-------+---------+---------+
       Total:                         932     0         17     
                                                               
    ../libcybotUART.lib
       uart.obj                       680     0         56     
    +--+------------------------------+-------+---------+---------+
       Total:                         680     0         56     
                                                               
    C:\ti\ccs930\ccs\tools\compiler\ti-cgt-arm_18.12.5.LTS\lib\rtsv7M4_T_le_v4SPD16_eabi.lib
       _printfi.c.obj                 4851    0         0      
       fd_add_t2.asm.obj              438     0         0      
       fd_div_t2.asm.obj              310     0         0      
       s_scalbn.c.obj                 272     0         0      
       fd_cmp_t2.asm.obj              268     0         0      
       ctype.c.obj                    0       257       0      
       fd_mul_t2.asm.obj              252     0         0      
       memcpy_t2.asm.obj              156     0         0      
       ull_div_t2.asm.obj             150     0         0      
       vsnprintf.c.obj                136     0         0      
       memset_t2.asm.obj              122     0         0      
       fd_tos_t2.asm.obj              110     0         0      
       copy_decompress_lzss.c.obj     104     0         0      
       s_frexp.c.obj                  100     0         0      
       sprintf.c.obj                  98      0         0      
       ltoa.c.obj                     84      0         0      
       atoi.c.obj                     76      0         0      
       fd_toi_t2.asm.obj              72      0         0      
       autoinit.c.obj                 68      0         0      
       fs_tod_t2.asm.obj              56      0         0      
       boot_cortex_m.c.obj            52      0         0      
       i_tofd_t2.asm.obj              46      0         0      
       copy_zero_init.c.obj           28      0         0      
       memccpy.c.obj                  28      0         0      
       s_copysign.c.obj               26      0         0      
       strcmp.c.obj                   24      0         0      
       strchr.c.obj                   22      0         0      
       strcpy.c.obj                   20      0         0      
       strlen.c.obj                   20      0         0      
       wcslen.c.obj                   18      0         0      
       copy_decompress_none.c.obj     14      0         0      
       errno.c.obj                    8       0         4      
       exit.c.obj                     4       0         0      
       pre_init.c.obj                 4       0         0      
       div0.asm.obj                   2       0         0      
    +--+------------------------------+-------+---------+---------+
       Total:                         8039    257       4      
                                                               
       Heap:                          0       0         16     
       Stack:                         0       0         512    
       Linker Generated:              0       43        0      
    +--+------------------------------+-------+---------+---------+
       Grand Total:                   12971   994       710    


LINKER GENERATED COPY TABLES

__TI_cinit_table @ 00003690 records: 2, size/record: 8, table size: 16
	.bss: load addr=00003680, load size=00000008 bytes, run addr=20000200, run size=000000a9 bytes, compression=zero_init
	.data: load addr=00003688, load size=00000007 bytes, run addr=200002c0, run size=0000000d bytes, compression=lzss


LINKER GENERATED HANDLER TABLE

__TI_handler_table @ 00003670 records: 3, size/record: 4, table size: 12
	index: 0, handler: __TI_decompress_lzss
	index: 1, handler: __TI_decompress_none
	index: 2, handler: __TI_zero_init


GLOBAL SYMBOLS: SORTED ALPHABETICALLY BY Name 

address   name                          
-------   ----                          
00002991  ADC0SS0_Handler               
0000351d  C$$EXIT                       
UNDEFED   IntMasterEnable               
UNDEFED   IntRegister                   
000034fb  ResetISR                      
00002109  TIMER3B_Handler               
20000200  __STACK_END                   
00000200  __STACK_SIZE                  
20000200  __STACK_TOP                   
00000010  __SYSMEM_SIZE                 
00003690  __TI_CINIT_Base               
000036a0  __TI_CINIT_Limit              
00003670  __TI_Handler_Table_Base       
0000367c  __TI_Handler_Table_Limit      
00003225  __TI_auto_init_nobinit_nopinit
00002f7f  __TI_decompress_lzss          
000034ed  __TI_decompress_none          
ffffffff  __TI_pprof_out_hndl           
0000026d  __TI_printfi                  
ffffffff  __TI_prof_data_size           
ffffffff  __TI_prof_data_start          
00000000  __TI_static_base__            
000033f3  __TI_zero_init_nomemset       
00002d1d  __aeabi_cdcmpeq               
00002d1d  __aeabi_cdcmple               
00002da3  __aeabi_cdrcmple              
00002f11  __aeabi_d2f                   
000031dd  __aeabi_d2iz                  
00002193  __aeabi_dadd                  
0000247d  __aeabi_ddiv                  
000027e9  __aeabi_dmul                  
00002189  __aeabi_dsub                  
00003511  __aeabi_errno_addr            
00003327  __aeabi_f2d                   
000033c5  __aeabi_i2d                   
00000cbb  __aeabi_idiv0                 
00000cbb  __aeabi_ldiv0                 
00002e29  __aeabi_memclr                
00002e29  __aeabi_memclr4               
00002e29  __aeabi_memclr8               
00002beb  __aeabi_memcpy                
00002beb  __aeabi_memcpy4               
00002beb  __aeabi_memcpy8               
00002e2b  __aeabi_memset                
00002e2b  __aeabi_memset4               
00002e2b  __aeabi_memset8               
00002c87  __aeabi_uldivmod              
ffffffff  __binit__                     
ffffffff  __c_args__                    
UNDEFED   __mpu_init                    
20000000  __stack                       
00003361  _c_int00_noargs               
00003520  _ctypes_                      
200002cc  _running                      
200002b0  _sys_memory                   
UNDEFED   _system_post_cinit            
00003519  _system_pre_init              
20000288  _timeout_ticks                
0000351d  abort                         
00003149  atoi                          
ffffffff  binit                         
00001959  convert_distance              
0000342b  copysign                      
0000342b  copysignl                     
200002c4  counter                       
000031a5  cyBOT_Scan                    
00003195  cyBOT_init_Scan               
00001231  cyBot_UART1_Handler           
00001223  cyBot_getByte_blocking        
00001203  cyBot_getByte_nonblocking     
00000fe5  cyBot_sendByte                
000011e9  cyBot_uart_flush              
00001153  cyBot_uart_init               
000010f3  cyBot_uart_init_PHJ_first_half
0000109b  cyBot_uart_init_clean         
00001023  cyBot_uart_init_last_half     
0000100b  cyBot_uart_sendBuffer         
00000ff1  cyBot_uart_sendStr            
2000028c  distance                      
200002c8  errno                         
20000290  fallingEdge                   
00002fe9  frexp                         
00002fe9  frexpl                        
00000000  g_pfnVectors                  
00002acd  interruptHandler              
00002961  ir_enableInterrupt            
00002959  ir_getDistance                
00002945  ir_getValue                   
000028e5  ir_init                       
200002a8  isRisingEdge                  
20000254  isr_char_buffer               
200002c0  isr_counter                   
20000294  isr_int_value                 
000034dd  lcd_clear                     
00000e91  lcd_gotoLine                  
00000cf9  lcd_init                      
00000ef7  lcd_printf                    
00000db9  lcd_putc                      
00000df1  lcd_puts                      
00000cbd  lcd_reverseNibble             
00000e0f  lcd_sendCommand               
00000e4d  lcd_sendNibble                
00000eb9  lcd_setCursorPos              
000026d9  ldexp                         
000026d9  ldexpl                        
000030a3  ltoa                          
000014c1  main                          
0000340f  memccpy                       
00002beb  memcpy                        
00002e31  memset                        
20000298  numOverflow                   
00002a85  ping_distance                 
00001d17  ping_getDist                  
000020d3  ping_getDistance              
00002031  ping_init                     
00001c21  ping_initi                    
00001ca3  ping_trig                     
00001fcd  ping_trigger                  
2000029c  pulseLength                   
200002a0  risingEdge                    
000026d9  scalbn                        
000026d9  scalbnl                       
00001775  sensor_sweep                  
000029ff  servo_init                    
000029df  servo_move                    
000029cd  servo_setPWM                  
000029c1  servo_stop                    
00003269  sprintf                       
0000348d  strchr                        
00003475  strcmp                        
000034a3  strcpy                        
000034b7  strlen                        
00001af7  timer_getMicros               
00001a9f  timer_getMillis               
000019d9  timer_init                    
00001a7b  timer_pause                   
00001a8d  timer_resume                  
00001a51  timer_stop                    
00001b51  timer_waitMicros              
00001b85  timer_waitMillis              
200002a4  totalClockCycles              
000032a9  vsnprintf                     
000034cb  wcslen                        


GLOBAL SYMBOLS: SORTED BY Symbol Address 

address   name                          
-------   ----                          
00000000  __TI_static_base__            
00000000  g_pfnVectors                  
00000010  __SYSMEM_SIZE                 
00000200  __STACK_SIZE                  
0000026d  __TI_printfi                  
00000cbb  __aeabi_idiv0                 
00000cbb  __aeabi_ldiv0                 
00000cbd  lcd_reverseNibble             
00000cf9  lcd_init                      
00000db9  lcd_putc                      
00000df1  lcd_puts                      
00000e0f  lcd_sendCommand               
00000e4d  lcd_sendNibble                
00000e91  lcd_gotoLine                  
00000eb9  lcd_setCursorPos              
00000ef7  lcd_printf                    
00000fe5  cyBot_sendByte                
00000ff1  cyBot_uart_sendStr            
0000100b  cyBot_uart_sendBuffer         
00001023  cyBot_uart_init_last_half     
0000109b  cyBot_uart_init_clean         
000010f3  cyBot_uart_init_PHJ_first_half
00001153  cyBot_uart_init               
000011e9  cyBot_uart_flush              
00001203  cyBot_getByte_nonblocking     
00001223  cyBot_getByte_blocking        
00001231  cyBot_UART1_Handler           
000014c1  main                          
00001775  sensor_sweep                  
00001959  convert_distance              
000019d9  timer_init                    
00001a51  timer_stop                    
00001a7b  timer_pause                   
00001a8d  timer_resume                  
00001a9f  timer_getMillis               
00001af7  timer_getMicros               
00001b51  timer_waitMicros              
00001b85  timer_waitMillis              
00001c21  ping_initi                    
00001ca3  ping_trig                     
00001d17  ping_getDist                  
00001fcd  ping_trigger                  
00002031  ping_init                     
000020d3  ping_getDistance              
00002109  TIMER3B_Handler               
00002189  __aeabi_dsub                  
00002193  __aeabi_dadd                  
0000247d  __aeabi_ddiv                  
000026d9  ldexp                         
000026d9  ldexpl                        
000026d9  scalbn                        
000026d9  scalbnl                       
000027e9  __aeabi_dmul                  
000028e5  ir_init                       
00002945  ir_getValue                   
00002959  ir_getDistance                
00002961  ir_enableInterrupt            
00002991  ADC0SS0_Handler               
000029c1  servo_stop                    
000029cd  servo_setPWM                  
000029df  servo_move                    
000029ff  servo_init                    
00002a85  ping_distance                 
00002acd  interruptHandler              
00002beb  __aeabi_memcpy                
00002beb  __aeabi_memcpy4               
00002beb  __aeabi_memcpy8               
00002beb  memcpy                        
00002c87  __aeabi_uldivmod              
00002d1d  __aeabi_cdcmpeq               
00002d1d  __aeabi_cdcmple               
00002da3  __aeabi_cdrcmple              
00002e29  __aeabi_memclr                
00002e29  __aeabi_memclr4               
00002e29  __aeabi_memclr8               
00002e2b  __aeabi_memset                
00002e2b  __aeabi_memset4               
00002e2b  __aeabi_memset8               
00002e31  memset                        
00002f11  __aeabi_d2f                   
00002f7f  __TI_decompress_lzss          
00002fe9  frexp                         
00002fe9  frexpl                        
000030a3  ltoa                          
00003149  atoi                          
00003195  cyBOT_init_Scan               
000031a5  cyBOT_Scan                    
000031dd  __aeabi_d2iz                  
00003225  __TI_auto_init_nobinit_nopinit
00003269  sprintf                       
000032a9  vsnprintf                     
00003327  __aeabi_f2d                   
00003361  _c_int00_noargs               
000033c5  __aeabi_i2d                   
000033f3  __TI_zero_init_nomemset       
0000340f  memccpy                       
0000342b  copysign                      
0000342b  copysignl                     
00003475  strcmp                        
0000348d  strchr                        
000034a3  strcpy                        
000034b7  strlen                        
000034cb  wcslen                        
000034dd  lcd_clear                     
000034ed  __TI_decompress_none          
000034fb  ResetISR                      
00003511  __aeabi_errno_addr            
00003519  _system_pre_init              
0000351d  C$$EXIT                       
0000351d  abort                         
00003520  _ctypes_                      
00003670  __TI_Handler_Table_Base       
0000367c  __TI_Handler_Table_Limit      
00003690  __TI_CINIT_Base               
000036a0  __TI_CINIT_Limit              
20000000  __stack                       
20000200  __STACK_END                   
20000200  __STACK_TOP                   
20000254  isr_char_buffer               
20000288  _timeout_ticks                
2000028c  distance                      
20000290  fallingEdge                   
20000294  isr_int_value                 
20000298  numOverflow                   
2000029c  pulseLength                   
200002a0  risingEdge                    
200002a4  totalClockCycles              
200002a8  isRisingEdge                  
200002b0  _sys_memory                   
200002c0  isr_counter                   
200002c4  counter                       
200002c8  errno                         
200002cc  _running                      
ffffffff  __TI_pprof_out_hndl           
ffffffff  __TI_prof_data_size           
ffffffff  __TI_prof_data_start          
ffffffff  __binit__                     
ffffffff  __c_args__                    
ffffffff  binit                         
UNDEFED   IntMasterEnable               
UNDEFED   IntRegister                   
UNDEFED   __mpu_init                    
UNDEFED   _system_post_cinit            

[143 symbols]
