******************************************************************************
                  TI ARM Linker PC v18.12.5                    
******************************************************************************
>> Linked Thu Apr 30 19:18:30 2020

OUTPUT FILE NAME:   <Lab9.out>
ENTRY POINT SYMBOL: "_c_int00_noargs"  address: 000031c9


MEMORY CONFIGURATION

         name            origin    length      used     unused   attr    fill
----------------------  --------  ---------  --------  --------  ----  --------
  FLASH                 00000000   00040000  0000350e  0003caf2  R  X
  SRAM                  20000000   00008000  0000232e  00005cd2  RW X


SEGMENT ALLOCATION MAP

run origin  load origin   length   init length attrs members
----------  ----------- ---------- ----------- ----- -------
00000000    00000000    00003510   00003510    r-x
  00000000    00000000    0000026c   0000026c    r-- .intvecs
  0000026c    0000026c    00003138   00003138    r-x .text
  000033a4    000033a4    0000012a   0000012a    r-- .const
  000034d0    000034d0    00000040   00000040    r-- .cinit
20000000    20000000    00002335   00000000    rw-
  20000000    20000000    0000026c   00000000    rw- .vtable
  20000270    20000270    00001000   00000000    rw- .stack
  20001270    20001270    00001000   00000000    rw- .sysmem
  20002270    20002270    000000a9   00000000    rw- .bss
  2000231c    2000231c    00000019   00000000    rw- .data


SECTION ALLOCATION MAP

 output                                  attributes/
section   page    origin      length       input sections
--------  ----  ----------  ----------   ----------------
.intvecs   0    00000000    0000026c     
                  00000000    0000026c     tm4c123gh6pm_startup_ccs.obj (.intvecs)

.text      0    0000026c    00003138     
                  0000026c    00000a4e     rtsv7M4_T_le_v4SPD16_eabi.lib : _printfi.c.obj (.text:__TI_printfi)
                  00000cba    00000002                                   : div0.asm.obj (.text)
                  00000cbc    00000328     lcd.obj (.text)
                  00000fe4    000002a8     libcybotUART.lib : uart.obj (.text)
                  0000128c    00000290     lab9.obj (.text)
                  0000151c    00000270     rtsv7M4_T_le_v4SPD16_eabi.lib : _printfi.c.obj (.text:_pconv_a)
                  0000178c    00000248     Timer.obj (.text)
                  000019d4    000001dc     ping.obj (.text)
                  00001bb0    000001d0     rtsv7M4_T_le_v4SPD16_eabi.lib : _printfi.c.obj (.text:_pconv_g)
                  00001d80    000001bc     libcybotScan.lib : ping.obj (.text)
                  00001f3c    000001b6     rtsv7M4_T_le_v4SPD16_eabi.lib : fd_add_t2.asm.obj (.text)
                  000020f2    00000002     --HOLE-- [fill = 0]
                  000020f4    0000013c                                   : _printfi.c.obj (.text:_pconv_e)
                  00002230    00000136                                   : fd_div_t2.asm.obj (.text)
                  00002366    00000002     --HOLE-- [fill = 0]
                  00002368    00000124                                   : _printfi.c.obj (.text:fcvt)
                  0000248c    00000110                                   : s_scalbn.c.obj (.text:scalbn)
                  0000259c    000000fc                                   : fd_mul_t2.asm.obj (.text)
                  00002698    000000dc     libcybotScan.lib : ir.obj (.text)
                  00002774    000000c4                      : servo.obj (.text)
                  00002838    000000b4     ping_distance.obj (.text)
                  000028ec    000000b1     rtsv7M4_T_le_v4SPD16_eabi.lib : _printfi.c.obj (.text:_ltostr)
                  0000299d    00000001     --HOLE-- [fill = 0]
                  0000299e    0000009c                                   : memcpy_t2.asm.obj (.text)
                  00002a3a    00000096                                   : ull_div_t2.asm.obj (.text)
                  00002ad0    00000086                                   : fd_cmp_t2.asm.obj (.text:__aeabi_cdcmple)
                  00002b56    00000086                                   : fd_cmp_t2.asm.obj (.text:__aeabi_cdrcmple)
                  00002bdc    00000080     main.obj (.text)
                  00002c5c    0000007a     rtsv7M4_T_le_v4SPD16_eabi.lib : memset_t2.asm.obj (.text)
                  00002cd6    0000006e                                   : _printfi.c.obj (.text:_mcpy)
                  00002d44    0000006e                                   : fd_tos_t2.asm.obj (.text)
                  00002db2    00000068                                   : copy_decompress_lzss.c.obj (.text:decompress:lzss:__TI_decompress_lzss)
                  00002e1a    00000002     --HOLE-- [fill = 0]
                  00002e1c    00000064                                   : s_frexp.c.obj (.text:frexp)
                  00002e80    00000056                                   : _printfi.c.obj (.text:_pconv_f)
                  00002ed6    00000054                                   : ltoa.c.obj (.text:ltoa)
                  00002f2a    00000052                                   : _printfi.c.obj (.text:_ecpy)
                  00002f7c    0000004c                                   : atoi.c.obj (.text:atoi)
                  00002fc8    00000048     libcybotScan.lib : cyBot_Scan.obj (.text)
                  00003010    00000048     rtsv7M4_T_le_v4SPD16_eabi.lib : fd_toi_t2.asm.obj (.text)
                  00003058    00000044                                   : autoinit.c.obj (.text:__TI_auto_init_nobinit_nopinit:__TI_auto_init_nobinit_nopinit)
                  0000309c    00000040                                   : sprintf.c.obj (.text:sprintf)
                  000030dc    00000040                                   : vsnprintf.c.obj (.text:vsnprintf)
                  0000311c    0000003e                                   : _printfi.c.obj (.text:_fcpy)
                  0000315a    00000038                                   : fs_tod_t2.asm.obj (.text)
                  00003192    00000002     --HOLE-- [fill = 0]
                  00003194    00000034     driverlib.lib : interrupt.obj (.text:IntRegister)
                  000031c8    00000034     rtsv7M4_T_le_v4SPD16_eabi.lib : boot_cortex_m.c.obj (.text:_c_int00_noargs:_c_int00_noargs)
                  000031fc    00000030                                   : vsnprintf.c.obj (.text:_outs)
                  0000322c    0000002e                                   : i_tofd_t2.asm.obj (.text)
                  0000325a    0000001c                                   : copy_zero_init.c.obj (.text:decompress:ZI:__TI_zero_init_nomemset:__TI_zero_init_nomemset)
                  00003276    0000001c                                   : memccpy.c.obj (.text:memccpy)
                  00003292    0000001a                                   : s_copysign.c.obj (.text:copysign)
                  000032ac    00000018                                   : vsnprintf.c.obj (.text:_outc)
                  000032c4    00000018                                   : sprintf.c.obj (.text:_outs)
                  000032dc    00000018                                   : strcmp.c.obj (.text:strcmp)
                  000032f4    00000016                                   : strchr.c.obj (.text:strchr)
                  0000330a    00000014                                   : strcpy.c.obj (.text:strcpy)
                  0000331e    00000014                                   : strlen.c.obj (.text:strlen)
                  00003332    00000012                                   : wcslen.c.obj (.text:wcslen)
                  00003344    00000010     driverlib.lib : interrupt.obj (.text:IntMasterEnable)
                  00003354    00000010     lcd.obj (.text:lcd_clear)
                  00003364    0000000e     rtsv7M4_T_le_v4SPD16_eabi.lib : copy_decompress_none.c.obj (.text:decompress:none:__TI_decompress_none)
                  00003372    0000000c     driverlib.lib : cpu.obj (.text:CPUcpsie)
                  0000337e    0000000c     tm4c123gh6pm_startup_ccs.obj (.text)
                  0000338a    0000000a     rtsv7M4_T_le_v4SPD16_eabi.lib : sprintf.c.obj (.text:_outc)
                  00003394    00000008                                   : errno.c.obj (.text:__aeabi_errno_addr)
                  0000339c    00000004                                   : pre_init.c.obj (.text:_system_pre_init)
                  000033a0    00000004                                   : exit.c.obj (.text:abort:abort)

.const     0    000033a4    0000012a     
                  000033a4    00000101     rtsv7M4_T_le_v4SPD16_eabi.lib : ctype.c.obj (.const:.string:_ctypes_)
                  000034a5    00000021     lab9.obj (.const:.string:$P$T0$1)
                  000034c6    00000004     lcd.obj (.const:.string:lineAddress$1)
                  000034ca    00000004     lcd.obj (.const:.string:lineAddresses$2)

.cinit     0    000034d0    00000040     
                  000034d0    0000000c     (__TI_handler_table)
                  000034dc    00000004     --HOLE-- [fill = 0]
                  000034e0    00000008     (.cinit..bss.load) [load image, compression = zero_init]
                  000034e8    00000008     (.cinit..data.load) [load image, compression = lzss]
                  000034f0    00000008     (.cinit..vtable.load) [load image, compression = zero_init]
                  000034f8    00000018     (__TI_cinit_table)

.init_array 
*          0    00000000    00000000     UNINITIALIZED

.vtable    0    20000000    0000026c     UNINITIALIZED
                  20000000    0000026c     driverlib.lib : interrupt.obj (.vtable)

.stack     0    20000270    00001000     UNINITIALIZED
                  20000270    00000004     rtsv7M4_T_le_v4SPD16_eabi.lib : boot_cortex_m.c.obj (.stack)
                  20000274    00000ffc     --HOLE--

.sysmem    0    20001270    00001000     UNINITIALIZED
                  20001270    00000010     rtsv7M4_T_le_v4SPD16_eabi.lib : memory.c.obj (.sysmem)
                  20001280    00000ff0     --HOLE--

.bss       0    20002270    000000a9     UNINITIALIZED
                  20002270    00000054     lcd.obj (.bss:lastbuffer$3)
                  200022c4    00000034     (.common:isr_char_buffer)
                  200022f8    00000004     (.common:_timeout_ticks)
                  200022fc    00000004     (.common:distance)
                  20002300    00000004     (.common:fallingEdge)
                  20002304    00000004     (.common:isr_int_value)
                  20002308    00000004     (.common:numOverflow)
                  2000230c    00000004     (.common:pulseLength)
                  20002310    00000004     (.common:risingEdge)
                  20002314    00000004     (.common:totalClockCycles)
                  20002318    00000001     (.common:isRisingEdge)

.data      0    2000231c    00000019     UNINITIALIZED
                  2000231c    0000000c     lab9.obj (.data)
                  20002328    00000004     libcybotUART.lib : uart.obj (.data)
                  2000232c    00000004     ping_distance.obj (.data)
                  20002330    00000004     rtsv7M4_T_le_v4SPD16_eabi.lib : errno.c.obj (.data)
                  20002334    00000001     Timer.obj (.data)

MODULE SUMMARY

       Module                         code    ro data   rw data
       ------                         ----    -------   -------
    .\
       lcd.obj                        824     8         84     
       lab9.obj                       656     33        12     
       tm4c123gh6pm_startup_ccs.obj   12      620       0      
       Timer.obj                      584     0         5      
       ping.obj                       476     0         12     
       ping_distance.obj              180     0         4      
       main.obj                       128     0         0      
    +--+------------------------------+-------+---------+---------+
       Total:                         2860    661       117    
                                                               
    ../libcybotScan.lib
       ping.obj                       444     0         13     
       ir.obj                         220     0         4      
       servo.obj                      196     0         0      
       cyBot_Scan.obj                 72      0         0      
    +--+------------------------------+-------+---------+---------+
       Total:                         932     0         17     
                                                               
    ../libcybotUART.lib
       uart.obj                       680     0         56     
    +--+------------------------------+-------+---------+---------+
       Total:                         680     0         56     
                                                               
    C:/ti/TivaWare_C_Series-2.1.4.178/driverlib/ccs/Debug/driverlib.lib
       interrupt.obj                  68      0         620    
       cpu.obj                        12      0         0      
    +--+------------------------------+-------+---------+---------+
       Total:                         80      0         620    
                                                               
    C:\ti\ccs930\ccs\tools\compiler\ti-cgt-arm_18.12.5.LTS\lib\rtsv7M4_T_le_v4SPD16_eabi.lib
       _printfi.c.obj                 4851    0         0      
       fd_add_t2.asm.obj              438     0         0      
       fd_div_t2.asm.obj              310     0         0      
       s_scalbn.c.obj                 272     0         0      
       fd_cmp_t2.asm.obj              268     0         0      
       ctype.c.obj                    0       257       0      
       fd_mul_t2.asm.obj              252     0         0      
       memcpy_t2.asm.obj              156     0         0      
       ull_div_t2.asm.obj             150     0         0      
       vsnprintf.c.obj                136     0         0      
       memset_t2.asm.obj              122     0         0      
       fd_tos_t2.asm.obj              110     0         0      
       copy_decompress_lzss.c.obj     104     0         0      
       s_frexp.c.obj                  100     0         0      
       sprintf.c.obj                  98      0         0      
       ltoa.c.obj                     84      0         0      
       atoi.c.obj                     76      0         0      
       fd_toi_t2.asm.obj              72      0         0      
       autoinit.c.obj                 68      0         0      
       fs_tod_t2.asm.obj              56      0         0      
       boot_cortex_m.c.obj            52      0         0      
       i_tofd_t2.asm.obj              46      0         0      
       copy_zero_init.c.obj           28      0         0      
       memccpy.c.obj                  28      0         0      
       s_copysign.c.obj               26      0         0      
       strcmp.c.obj                   24      0         0      
       strchr.c.obj                   22      0         0      
       strcpy.c.obj                   20      0         0      
       strlen.c.obj                   20      0         0      
       wcslen.c.obj                   18      0         0      
       copy_decompress_none.c.obj     14      0         0      
       errno.c.obj                    8       0         4      
       exit.c.obj                     4       0         0      
       pre_init.c.obj                 4       0         0      
       div0.asm.obj                   2       0         0      
    +--+------------------------------+-------+---------+---------+
       Total:                         8039    257       4      
                                                               
       Heap:                          0       0         4096   
       Stack:                         0       0         4096   
       Linker Generated:              0       60        0      
    +--+------------------------------+-------+---------+---------+
       Grand Total:                   12591   978       9006   


LINKER GENERATED COPY TABLES

__TI_cinit_table @ 000034f8 records: 3, size/record: 8, table size: 24
	.bss: load addr=000034e0, load size=00000008 bytes, run addr=20002270, run size=000000a9 bytes, compression=zero_init
	.data: load addr=000034e8, load size=00000008 bytes, run addr=2000231c, run size=00000019 bytes, compression=lzss
	.vtable: load addr=000034f0, load size=00000008 bytes, run addr=20000000, run size=0000026c bytes, compression=zero_init


LINKER GENERATED HANDLER TABLE

__TI_handler_table @ 000034d0 records: 3, size/record: 4, table size: 12
	index: 0, handler: __TI_zero_init
	index: 1, handler: __TI_decompress_lzss
	index: 2, handler: __TI_decompress_none


GLOBAL SYMBOLS: SORTED ALPHABETICALLY BY Name 

address   name                          
-------   ----                          
00002745  ADC0SS0_Handler               
000033a1  C$$EXIT                       
00003373  CPUcpsie                      
00003345  IntMasterEnable               
00003195  IntRegister                   
0000337f  ResetISR                      
00001ebd  TIMER3B_Handler               
20001270  __STACK_END                   
00001000  __STACK_SIZE                  
20000470  __STACK_TOP                   
00001000  __SYSMEM_SIZE                 
000034f8  __TI_CINIT_Base               
00003510  __TI_CINIT_Limit              
000034d0  __TI_Handler_Table_Base       
000034dc  __TI_Handler_Table_Limit      
00003059  __TI_auto_init_nobinit_nopinit
00002db3  __TI_decompress_lzss          
00003365  __TI_decompress_none          
ffffffff  __TI_pprof_out_hndl           
0000026d  __TI_printfi                  
ffffffff  __TI_prof_data_size           
ffffffff  __TI_prof_data_start          
00000000  __TI_static_base__            
0000325b  __TI_zero_init_nomemset       
00002ad1  __aeabi_cdcmpeq               
00002ad1  __aeabi_cdcmple               
00002b57  __aeabi_cdrcmple              
00002d45  __aeabi_d2f                   
00003011  __aeabi_d2iz                  
00001f47  __aeabi_dadd                  
00002231  __aeabi_ddiv                  
0000259d  __aeabi_dmul                  
00001f3d  __aeabi_dsub                  
00003395  __aeabi_errno_addr            
0000315b  __aeabi_f2d                   
0000322d  __aeabi_i2d                   
00000cbb  __aeabi_idiv0                 
00000cbb  __aeabi_ldiv0                 
00002c5d  __aeabi_memclr                
00002c5d  __aeabi_memclr4               
00002c5d  __aeabi_memclr8               
0000299f  __aeabi_memcpy                
0000299f  __aeabi_memcpy4               
0000299f  __aeabi_memcpy8               
00002c5f  __aeabi_memset                
00002c5f  __aeabi_memset4               
00002c5f  __aeabi_memset8               
00002a3b  __aeabi_uldivmod              
ffffffff  __binit__                     
ffffffff  __c_args__                    
UNDEFED   __mpu_init                    
20000270  __stack                       
000031c9  _c_int00_noargs               
000033a4  _ctypes_                      
20002334  _running                      
20001270  _sys_memory                   
UNDEFED   _system_post_cinit            
0000339d  _system_pre_init              
200022f8  _timeout_ticks                
000033a1  abort                         
00002f7d  atoi                          
ffffffff  binit                         
0000148f  convert_distance              
00003293  copysign                      
00003293  copysignl                     
2000232c  counter                       
00002fd9  cyBOT_Scan                    
00002fc9  cyBOT_init_Scan               
00001231  cyBot_UART1_Handler           
00001223  cyBot_getByte_blocking        
00001203  cyBot_getByte_nonblocking     
00000fe5  cyBot_sendByte                
000011e9  cyBot_uart_flush              
00001153  cyBot_uart_init               
000010f3  cyBot_uart_init_PHJ_first_half
0000109b  cyBot_uart_init_clean         
00001023  cyBot_uart_init_last_half     
0000100b  cyBot_uart_sendBuffer         
00000ff1  cyBot_uart_sendStr            
200022fc  distance                      
20002330  errno                         
20002300  fallingEdge                   
00002e1d  frexp                         
00002e1d  frexpl                        
20000000  g_pfnRAMVectors               
00000000  g_pfnVectors                  
00001299  get_object_distance           
0000128d  get_start_angle               
00001293  get_stop_angle                
00002881  interruptHandler              
00002715  ir_enableInterrupt            
0000270d  ir_getDistance                
000026f9  ir_getValue                   
00002699  ir_init                       
20002318  isRisingEdge                  
200022c4  isr_char_buffer               
20002328  isr_counter                   
20002304  isr_int_value                 
00003355  lcd_clear                     
00000e91  lcd_gotoLine                  
00000cf9  lcd_init                      
00000ef7  lcd_printf                    
00000db9  lcd_putc                      
00000df1  lcd_puts                      
00000cbd  lcd_reverseNibble             
00000e0f  lcd_sendCommand               
00000e4d  lcd_sendNibble                
00000eb9  lcd_setCursorPos              
0000248d  ldexp                         
0000248d  ldexpl                        
00002ed7  ltoa                          
00002bdd  main                          
00003277  memccpy                       
0000299f  memcpy                        
00002c65  memset                        
20002308  numOverflow                   
20002324  object_distance               
00002839  ping_distance                 
00001acb  ping_getDist                  
00001e87  ping_getDistance              
00001de5  ping_init                     
000019d5  ping_initi                    
00001a57  ping_trig                     
00001d81  ping_trigger                  
2000230c  pulseLength                   
20002310  risingEdge                    
0000248d  scalbn                        
0000248d  scalbnl                       
0000129f  scan_init                     
000012fd  sensor_sweep                  
000027b3  servo_init                    
00002793  servo_move                    
00002781  servo_setPWM                  
00002775  servo_stop                    
0000309d  sprintf                       
2000231c  start_angle                   
20002320  stop_angle                    
000032f5  strchr                        
000032dd  strcmp                        
0000330b  strcpy                        
0000331f  strlen                        
000018ab  timer_getMicros               
00001853  timer_getMillis               
0000178d  timer_init                    
0000182f  timer_pause                   
00001841  timer_resume                  
00001805  timer_stop                    
00001905  timer_waitMicros              
00001939  timer_waitMillis              
20002314  totalClockCycles              
000030dd  vsnprintf                     
00003333  wcslen                        


GLOBAL SYMBOLS: SORTED BY Symbol Address 

address   name                          
-------   ----                          
00000000  __TI_static_base__            
00000000  g_pfnVectors                  
0000026d  __TI_printfi                  
00000cbb  __aeabi_idiv0                 
00000cbb  __aeabi_ldiv0                 
00000cbd  lcd_reverseNibble             
00000cf9  lcd_init                      
00000db9  lcd_putc                      
00000df1  lcd_puts                      
00000e0f  lcd_sendCommand               
00000e4d  lcd_sendNibble                
00000e91  lcd_gotoLine                  
00000eb9  lcd_setCursorPos              
00000ef7  lcd_printf                    
00000fe5  cyBot_sendByte                
00000ff1  cyBot_uart_sendStr            
00001000  __STACK_SIZE                  
00001000  __SYSMEM_SIZE                 
0000100b  cyBot_uart_sendBuffer         
00001023  cyBot_uart_init_last_half     
0000109b  cyBot_uart_init_clean         
000010f3  cyBot_uart_init_PHJ_first_half
00001153  cyBot_uart_init               
000011e9  cyBot_uart_flush              
00001203  cyBot_getByte_nonblocking     
00001223  cyBot_getByte_blocking        
00001231  cyBot_UART1_Handler           
0000128d  get_start_angle               
00001293  get_stop_angle                
00001299  get_object_distance           
0000129f  scan_init                     
000012fd  sensor_sweep                  
0000148f  convert_distance              
0000178d  timer_init                    
00001805  timer_stop                    
0000182f  timer_pause                   
00001841  timer_resume                  
00001853  timer_getMillis               
000018ab  timer_getMicros               
00001905  timer_waitMicros              
00001939  timer_waitMillis              
000019d5  ping_initi                    
00001a57  ping_trig                     
00001acb  ping_getDist                  
00001d81  ping_trigger                  
00001de5  ping_init                     
00001e87  ping_getDistance              
00001ebd  TIMER3B_Handler               
00001f3d  __aeabi_dsub                  
00001f47  __aeabi_dadd                  
00002231  __aeabi_ddiv                  
0000248d  ldexp                         
0000248d  ldexpl                        
0000248d  scalbn                        
0000248d  scalbnl                       
0000259d  __aeabi_dmul                  
00002699  ir_init                       
000026f9  ir_getValue                   
0000270d  ir_getDistance                
00002715  ir_enableInterrupt            
00002745  ADC0SS0_Handler               
00002775  servo_stop                    
00002781  servo_setPWM                  
00002793  servo_move                    
000027b3  servo_init                    
00002839  ping_distance                 
00002881  interruptHandler              
0000299f  __aeabi_memcpy                
0000299f  __aeabi_memcpy4               
0000299f  __aeabi_memcpy8               
0000299f  memcpy                        
00002a3b  __aeabi_uldivmod              
00002ad1  __aeabi_cdcmpeq               
00002ad1  __aeabi_cdcmple               
00002b57  __aeabi_cdrcmple              
00002bdd  main                          
00002c5d  __aeabi_memclr                
00002c5d  __aeabi_memclr4               
00002c5d  __aeabi_memclr8               
00002c5f  __aeabi_memset                
00002c5f  __aeabi_memset4               
00002c5f  __aeabi_memset8               
00002c65  memset                        
00002d45  __aeabi_d2f                   
00002db3  __TI_decompress_lzss          
00002e1d  frexp                         
00002e1d  frexpl                        
00002ed7  ltoa                          
00002f7d  atoi                          
00002fc9  cyBOT_init_Scan               
00002fd9  cyBOT_Scan                    
00003011  __aeabi_d2iz                  
00003059  __TI_auto_init_nobinit_nopinit
0000309d  sprintf                       
000030dd  vsnprintf                     
0000315b  __aeabi_f2d                   
00003195  IntRegister                   
000031c9  _c_int00_noargs               
0000322d  __aeabi_i2d                   
0000325b  __TI_zero_init_nomemset       
00003277  memccpy                       
00003293  copysign                      
00003293  copysignl                     
000032dd  strcmp                        
000032f5  strchr                        
0000330b  strcpy                        
0000331f  strlen                        
00003333  wcslen                        
00003345  IntMasterEnable               
00003355  lcd_clear                     
00003365  __TI_decompress_none          
00003373  CPUcpsie                      
0000337f  ResetISR                      
00003395  __aeabi_errno_addr            
0000339d  _system_pre_init              
000033a1  C$$EXIT                       
000033a1  abort                         
000033a4  _ctypes_                      
000034d0  __TI_Handler_Table_Base       
000034dc  __TI_Handler_Table_Limit      
000034f8  __TI_CINIT_Base               
00003510  __TI_CINIT_Limit              
20000000  g_pfnRAMVectors               
20000270  __stack                       
20000470  __STACK_TOP                   
20001270  __STACK_END                   
20001270  _sys_memory                   
200022c4  isr_char_buffer               
200022f8  _timeout_ticks                
200022fc  distance                      
20002300  fallingEdge                   
20002304  isr_int_value                 
20002308  numOverflow                   
2000230c  pulseLength                   
20002310  risingEdge                    
20002314  totalClockCycles              
20002318  isRisingEdge                  
2000231c  start_angle                   
20002320  stop_angle                    
20002324  object_distance               
20002328  isr_counter                   
2000232c  counter                       
20002330  errno                         
20002334  _running                      
ffffffff  __TI_pprof_out_hndl           
ffffffff  __TI_prof_data_size           
ffffffff  __TI_prof_data_start          
ffffffff  __binit__                     
ffffffff  __c_args__                    
ffffffff  binit                         
UNDEFED   __mpu_init                    
UNDEFED   _system_post_cinit            

[152 symbols]
