******************************************************************************
                  TI ARM Linker PC v18.12.5                    
******************************************************************************
>> Linked Fri May  1 15:56:21 2020

OUTPUT FILE NAME:   <Lab9.out>
ENTRY POINT SYMBOL: "_c_int00_noargs"  address: 00003e11


MEMORY CONFIGURATION

         name            origin    length      used     unused   attr    fill
----------------------  --------  ---------  --------  --------  ----  --------
  FLASH                 00000000   00040000  00004189  0003be77  R  X
  SRAM                  20000000   00008000  0000232e  00005cd2  RW X


SEGMENT ALLOCATION MAP

run origin  load origin   length   init length attrs members
----------  ----------- ---------- ----------- ----- -------
00000000    00000000    00004190   00004190    r-x
  00000000    00000000    0000026c   0000026c    r-- .intvecs
  0000026c    0000026c    00003d80   00003d80    r-x .text
  00003ff0    00003ff0    0000015d   0000015d    r-- .const
  00004150    00004150    00000040   00000040    r-- .cinit
20000000    20000000    00002335   00000000    rw-
  20000000    20000000    0000026c   00000000    rw- .vtable
  20000270    20000270    00001000   00000000    rw- .stack
  20001270    20001270    00001000   00000000    rw- .sysmem
  20002270    20002270    000000a9   00000000    rw- .bss
  2000231c    2000231c    00000019   00000000    rw- .data


SECTION ALLOCATION MAP

 output                                  attributes/
section   page    origin      length       input sections
--------  ----  ----------  ----------   ----------------
.intvecs   0    00000000    0000026c     
                  00000000    0000026c     tm4c123gh6pm_startup_ccs.obj (.intvecs)

.text      0    0000026c    00003d80     
                  0000026c    00000a4e     rtsv7M4_T_le_v4SPD16_eabi.lib : _printfi.c.obj (.text:__TI_printfi)
                  00000cba    00000002                                   : div0.asm.obj (.text)
                  00000cbc    000009c0                                   : e_pow.c.obj (.text:pow)
                  0000167c    00000328     lcd.obj (.text)
                  000019a4    000002e0     lab9.obj (.text)
                  00001c84    000002a8     libcybotUART.lib : uart.obj (.text)
                  00001f2c    00000270     rtsv7M4_T_le_v4SPD16_eabi.lib : _printfi.c.obj (.text:_pconv_a)
                  0000219c    00000248     Timer.obj (.text)
                  000023e4    000001dc     ping.obj (.text)
                  000025c0    000001d0     rtsv7M4_T_le_v4SPD16_eabi.lib : _printfi.c.obj (.text:_pconv_g)
                  00002790    000001bc     libcybotScan.lib : ping.obj (.text)
                  0000294c    000001b6     rtsv7M4_T_le_v4SPD16_eabi.lib : fd_add_t2.asm.obj (.text)
                  00002b02    00000002     --HOLE-- [fill = 0]
                  00002b04    0000019c     servo.obj (.text)
                  00002ca0    00000158     rtsv7M4_T_le_v4SPD16_eabi.lib : e_sqrt.c.obj (.text:sqrt)
                  00002df8    0000013c                                   : _printfi.c.obj (.text:_pconv_e)
                  00002f34    00000136                                   : fd_div_t2.asm.obj (.text)
                  0000306a    00000002     --HOLE-- [fill = 0]
                  0000306c    00000124                                   : _printfi.c.obj (.text:fcvt)
                  00003190    00000110                                   : s_scalbn.c.obj (.text:scalbn)
                  000032a0    000000fc                                   : fd_mul_t2.asm.obj (.text)
                  0000339c    000000dc     libcybotScan.lib : ir.obj (.text)
                  00003478    000000b4     ping_distance.obj (.text)
                  0000352c    000000b1     rtsv7M4_T_le_v4SPD16_eabi.lib : _printfi.c.obj (.text:_ltostr)
                  000035dd    00000001     --HOLE-- [fill = 0]
                  000035de    0000009c                                   : memcpy_t2.asm.obj (.text)
                  0000367a    00000096                                   : ull_div_t2.asm.obj (.text)
                  00003710    00000088     main.obj (.text)
                  00003798    00000086     rtsv7M4_T_le_v4SPD16_eabi.lib : fd_cmp_t2.asm.obj (.text:__aeabi_cdcmple)
                  0000381e    00000086                                   : fd_cmp_t2.asm.obj (.text:__aeabi_cdrcmple)
                  000038a4    0000007a                                   : memset_t2.asm.obj (.text)
                  0000391e    0000006e                                   : _printfi.c.obj (.text:_mcpy)
                  0000398c    0000006e                                   : fd_tos_t2.asm.obj (.text)
                  000039fa    00000068                                   : copy_decompress_lzss.c.obj (.text:decompress:lzss:__TI_decompress_lzss)
                  00003a62    00000002     --HOLE-- [fill = 0]
                  00003a64    00000064                                   : s_frexp.c.obj (.text:frexp)
                  00003ac8    00000056                                   : _printfi.c.obj (.text:_pconv_f)
                  00003b1e    00000054                                   : ltoa.c.obj (.text:ltoa)
                  00003b72    00000052                                   : _printfi.c.obj (.text:_ecpy)
                  00003bc4    0000004c                                   : atoi.c.obj (.text:atoi)
                  00003c10    00000048     libcybotScan.lib : cyBot_Scan.obj (.text)
                  00003c58    00000048     rtsv7M4_T_le_v4SPD16_eabi.lib : fd_toi_t2.asm.obj (.text)
                  00003ca0    00000044                                   : autoinit.c.obj (.text:__TI_auto_init_nobinit_nopinit:__TI_auto_init_nobinit_nopinit)
                  00003ce4    00000040                                   : sprintf.c.obj (.text:sprintf)
                  00003d24    00000040                                   : vsnprintf.c.obj (.text:vsnprintf)
                  00003d64    0000003e                                   : _printfi.c.obj (.text:_fcpy)
                  00003da2    00000038                                   : fs_tod_t2.asm.obj (.text)
                  00003dda    00000002     --HOLE-- [fill = 0]
                  00003ddc    00000034     driverlib.lib : interrupt.obj (.text:IntRegister)
                  00003e10    00000034     rtsv7M4_T_le_v4SPD16_eabi.lib : boot_cortex_m.c.obj (.text:_c_int00_noargs:_c_int00_noargs)
                  00003e44    00000030                                   : vsnprintf.c.obj (.text:_outs)
                  00003e74    0000002e                                   : i_tofd_t2.asm.obj (.text)
                  00003ea2    0000001c                                   : copy_zero_init.c.obj (.text:decompress:ZI:__TI_zero_init_nomemset:__TI_zero_init_nomemset)
                  00003ebe    0000001c                                   : memccpy.c.obj (.text:memccpy)
                  00003eda    0000001a                                   : s_copysign.c.obj (.text:copysign)
                  00003ef4    00000018                                   : vsnprintf.c.obj (.text:_outc)
                  00003f0c    00000018                                   : sprintf.c.obj (.text:_outs)
                  00003f24    00000018                                   : strcmp.c.obj (.text:strcmp)
                  00003f3c    00000016                                   : strchr.c.obj (.text:strchr)
                  00003f52    00000014                                   : strcpy.c.obj (.text:strcpy)
                  00003f66    00000014                                   : strlen.c.obj (.text:strlen)
                  00003f7a    00000012                                   : wcslen.c.obj (.text:wcslen)
                  00003f8c    00000010     driverlib.lib : interrupt.obj (.text:IntMasterEnable)
                  00003f9c    00000010     lcd.obj (.text:lcd_clear)
                  00003fac    0000000e     rtsv7M4_T_le_v4SPD16_eabi.lib : copy_decompress_none.c.obj (.text:decompress:none:__TI_decompress_none)
                  00003fba    0000000c     driverlib.lib : cpu.obj (.text:CPUcpsie)
                  00003fc6    0000000c     tm4c123gh6pm_startup_ccs.obj (.text)
                  00003fd2    0000000a     rtsv7M4_T_le_v4SPD16_eabi.lib : sprintf.c.obj (.text:_outc)
                  00003fdc    00000008                                   : errno.c.obj (.text:__aeabi_errno_addr)
                  00003fe4    00000004                                   : pre_init.c.obj (.text:_system_pre_init)
                  00003fe8    00000004                                   : exit.c.obj (.text:abort:abort)

.const     0    00003ff0    0000015d     
                  00003ff0    00000101     rtsv7M4_T_le_v4SPD16_eabi.lib : ctype.c.obj (.const:.string:_ctypes_)
                  000040f1    00000004     lcd.obj (.const:.string:lineAddress$1)
                  000040f5    00000003     --HOLE-- [fill = 0]
                  000040f8    00000030     rtsv7M4_T_le_v4SPD16_eabi.lib : e_pow.c.obj (.const:$O1$$)
                  00004128    00000021     lab9.obj (.const:.string:$P$T0$1)
                  00004149    00000004     lcd.obj (.const:.string:lineAddresses$2)

.cinit     0    00004150    00000040     
                  00004150    0000000c     (__TI_handler_table)
                  0000415c    00000004     --HOLE-- [fill = 0]
                  00004160    00000008     (.cinit..bss.load) [load image, compression = zero_init]
                  00004168    00000008     (.cinit..data.load) [load image, compression = lzss]
                  00004170    00000008     (.cinit..vtable.load) [load image, compression = zero_init]
                  00004178    00000018     (__TI_cinit_table)

.init_array 
*          0    00000000    00000000     UNINITIALIZED

.vtable    0    20000000    0000026c     UNINITIALIZED
                  20000000    0000026c     driverlib.lib : interrupt.obj (.vtable)

.stack     0    20000270    00001000     UNINITIALIZED
                  20000270    00000004     rtsv7M4_T_le_v4SPD16_eabi.lib : boot_cortex_m.c.obj (.stack)
                  20000274    00000ffc     --HOLE--

.sysmem    0    20001270    00001000     UNINITIALIZED
                  20001270    00000010     rtsv7M4_T_le_v4SPD16_eabi.lib : memory.c.obj (.sysmem)
                  20001280    00000ff0     --HOLE--

.bss       0    20002270    000000a9     UNINITIALIZED
                  20002270    00000054     lcd.obj (.bss:lastbuffer$3)
                  200022c4    00000034     (.common:isr_char_buffer)
                  200022f8    00000004     (.common:_timeout_ticks)
                  200022fc    00000004     (.common:distance)
                  20002300    00000004     (.common:fallingEdge)
                  20002304    00000004     (.common:isr_int_value)
                  20002308    00000004     (.common:numOverflow)
                  2000230c    00000004     (.common:pulseLength)
                  20002310    00000004     (.common:risingEdge)
                  20002314    00000004     (.common:totalClockCycles)
                  20002318    00000001     (.common:isRisingEdge)

.data      0    2000231c    00000019     UNINITIALIZED
                  2000231c    0000000c     lab9.obj (.data)
                  20002328    00000004     libcybotUART.lib : uart.obj (.data)
                  2000232c    00000004     ping_distance.obj (.data)
                  20002330    00000004     rtsv7M4_T_le_v4SPD16_eabi.lib : errno.c.obj (.data)
                  20002334    00000001     Timer.obj (.data)

MODULE SUMMARY

       Module                         code    ro data   rw data
       ------                         ----    -------   -------
    .\
       lcd.obj                        824     8         84     
       lab9.obj                       736     33        12     
       tm4c123gh6pm_startup_ccs.obj   12      620       0      
       Timer.obj                      584     0         5      
       ping.obj                       476     0         12     
       servo.obj                      412     0         0      
       ping_distance.obj              180     0         4      
       main.obj                       136     0         0      
    +--+------------------------------+-------+---------+---------+
       Total:                         3360    661       117    
                                                               
    ../libcybotScan.lib
       ping.obj                       444     0         13     
       ir.obj                         220     0         4      
       cyBot_Scan.obj                 72      0         0      
    +--+------------------------------+-------+---------+---------+
       Total:                         736     0         17     
                                                               
    ../libcybotUART.lib
       uart.obj                       680     0         56     
    +--+------------------------------+-------+---------+---------+
       Total:                         680     0         56     
                                                               
    C:/ti/TivaWare_C_Series-2.1.4.178/driverlib/ccs/Debug/driverlib.lib
       interrupt.obj                  68      0         620    
       cpu.obj                        12      0         0      
    +--+------------------------------+-------+---------+---------+
       Total:                         80      0         620    
                                                               
    C:\ti\ccs930\ccs\tools\compiler\ti-cgt-arm_18.12.5.LTS\lib\rtsv7M4_T_le_v4SPD16_eabi.lib
       _printfi.c.obj                 4851    0         0      
       e_pow.c.obj                    2496    48        0      
       fd_add_t2.asm.obj              438     0         0      
       e_sqrt.c.obj                   344     0         0      
       fd_div_t2.asm.obj              310     0         0      
       s_scalbn.c.obj                 272     0         0      
       fd_cmp_t2.asm.obj              268     0         0      
       ctype.c.obj                    0       257       0      
       fd_mul_t2.asm.obj              252     0         0      
       memcpy_t2.asm.obj              156     0         0      
       ull_div_t2.asm.obj             150     0         0      
       vsnprintf.c.obj                136     0         0      
       memset_t2.asm.obj              122     0         0      
       fd_tos_t2.asm.obj              110     0         0      
       copy_decompress_lzss.c.obj     104     0         0      
       s_frexp.c.obj                  100     0         0      
       sprintf.c.obj                  98      0         0      
       ltoa.c.obj                     84      0         0      
       atoi.c.obj                     76      0         0      
       fd_toi_t2.asm.obj              72      0         0      
       autoinit.c.obj                 68      0         0      
       fs_tod_t2.asm.obj              56      0         0      
       boot_cortex_m.c.obj            52      0         0      
       i_tofd_t2.asm.obj              46      0         0      
       copy_zero_init.c.obj           28      0         0      
       memccpy.c.obj                  28      0         0      
       s_copysign.c.obj               26      0         0      
       strcmp.c.obj                   24      0         0      
       strchr.c.obj                   22      0         0      
       strcpy.c.obj                   20      0         0      
       strlen.c.obj                   20      0         0      
       wcslen.c.obj                   18      0         0      
       copy_decompress_none.c.obj     14      0         0      
       errno.c.obj                    8       0         4      
       exit.c.obj                     4       0         0      
       pre_init.c.obj                 4       0         0      
       div0.asm.obj                   2       0         0      
    +--+------------------------------+-------+---------+---------+
       Total:                         10879   305       4      
                                                               
       Heap:                          0       0         4096   
       Stack:                         0       0         4096   
       Linker Generated:              0       60        0      
    +--+------------------------------+-------+---------+---------+
       Grand Total:                   15735   1026      9006   


LINKER GENERATED COPY TABLES

__TI_cinit_table @ 00004178 records: 3, size/record: 8, table size: 24
	.bss: load addr=00004160, load size=00000008 bytes, run addr=20002270, run size=000000a9 bytes, compression=zero_init
	.data: load addr=00004168, load size=00000008 bytes, run addr=2000231c, run size=00000019 bytes, compression=lzss
	.vtable: load addr=00004170, load size=00000008 bytes, run addr=20000000, run size=0000026c bytes, compression=zero_init


LINKER GENERATED HANDLER TABLE

__TI_handler_table @ 00004150 records: 3, size/record: 4, table size: 12
	index: 0, handler: __TI_zero_init
	index: 1, handler: __TI_decompress_lzss
	index: 2, handler: __TI_decompress_none


GLOBAL SYMBOLS: SORTED ALPHABETICALLY BY Name 

address   name                          
-------   ----                          
00003449  ADC0SS0_Handler               
00003fe9  C$$EXIT                       
00003fbb  CPUcpsie                      
00003f8d  IntMasterEnable               
00003ddd  IntRegister                   
00003fc7  ResetISR                      
000028cd  TIMER3B_Handler               
20001270  __STACK_END                   
00001000  __STACK_SIZE                  
20000470  __STACK_TOP                   
00001000  __SYSMEM_SIZE                 
00004178  __TI_CINIT_Base               
00004190  __TI_CINIT_Limit              
00004150  __TI_Handler_Table_Base       
0000415c  __TI_Handler_Table_Limit      
00003ca1  __TI_auto_init_nobinit_nopinit
000039fb  __TI_decompress_lzss          
00003fad  __TI_decompress_none          
ffffffff  __TI_pprof_out_hndl           
0000026d  __TI_printfi                  
ffffffff  __TI_prof_data_size           
ffffffff  __TI_prof_data_start          
00000000  __TI_static_base__            
00003ea3  __TI_zero_init_nomemset       
00003799  __aeabi_cdcmpeq               
00003799  __aeabi_cdcmple               
0000381f  __aeabi_cdrcmple              
0000398d  __aeabi_d2f                   
00003c59  __aeabi_d2iz                  
00002957  __aeabi_dadd                  
00002f35  __aeabi_ddiv                  
000032a1  __aeabi_dmul                  
0000294d  __aeabi_dsub                  
00003fdd  __aeabi_errno_addr            
00003da3  __aeabi_f2d                   
00003e75  __aeabi_i2d                   
00000cbb  __aeabi_idiv0                 
00000cbb  __aeabi_ldiv0                 
000038a5  __aeabi_memclr                
000038a5  __aeabi_memclr4               
000038a5  __aeabi_memclr8               
000035df  __aeabi_memcpy                
000035df  __aeabi_memcpy4               
000035df  __aeabi_memcpy8               
000038a7  __aeabi_memset                
000038a7  __aeabi_memset4               
000038a7  __aeabi_memset8               
0000367b  __aeabi_uldivmod              
ffffffff  __binit__                     
ffffffff  __c_args__                    
UNDEFED   __mpu_init                    
20000270  __stack                       
00003e11  _c_int00_noargs               
00003ff0  _ctypes_                      
20002334  _running                      
20001270  _sys_memory                   
UNDEFED   _system_post_cinit            
00003fe5  _system_pre_init              
200022f8  _timeout_ticks                
00003fe9  abort                         
00003bc5  atoi                          
ffffffff  binit                         
00001be1  convert_distance              
00003edb  copysign                      
00003edb  copysignl                     
2000232c  counter                       
00003c21  cyBOT_Scan                    
00003c11  cyBOT_init_Scan               
00001ed1  cyBot_UART1_Handler           
00001ec3  cyBot_getByte_blocking        
00001ea3  cyBot_getByte_nonblocking     
00001c85  cyBot_sendByte                
00001e89  cyBot_uart_flush              
00001df3  cyBot_uart_init               
00001d93  cyBot_uart_init_PHJ_first_half
00001d3b  cyBot_uart_init_clean         
00001cc3  cyBot_uart_init_last_half     
00001cab  cyBot_uart_sendBuffer         
00001c91  cyBot_uart_sendStr            
200022fc  distance                      
20002330  errno                         
20002300  fallingEdge                   
00003a65  frexp                         
00003a65  frexpl                        
20000000  g_pfnRAMVectors               
00000000  g_pfnVectors                  
000019b1  get_object_distance           
000019a5  get_start_angle               
000019ab  get_stop_angle                
000034c1  interruptHandler              
00003419  ir_enableInterrupt            
00003411  ir_getDistance                
000033fd  ir_getValue                   
0000339d  ir_init                       
20002318  isRisingEdge                  
200022c4  isr_char_buffer               
20002328  isr_counter                   
20002304  isr_int_value                 
00003f9d  lcd_clear                     
00001851  lcd_gotoLine                  
000016b9  lcd_init                      
000018b7  lcd_printf                    
00001779  lcd_putc                      
000017b1  lcd_puts                      
0000167d  lcd_reverseNibble             
000017cf  lcd_sendCommand               
0000180d  lcd_sendNibble                
00001879  lcd_setCursorPos              
00003191  ldexp                         
00003191  ldexpl                        
00003b1f  ltoa                          
00003711  main                          
00003ebf  memccpy                       
000035df  memcpy                        
000038ad  memset                        
20002308  numOverflow                   
20002324  object_distance               
00003479  ping_distance                 
000024db  ping_getDist                  
00002897  ping_getDistance              
000027f5  ping_init                     
000023e5  ping_initi                    
00002467  ping_trig                     
00002791  ping_trigger                  
00000cbd  pow                           
00000cbd  powl                          
2000230c  pulseLength                   
20002310  risingEdge                    
00003191  scalbn                        
00003191  scalbnl                       
000019b7  scan_init                     
00001a15  sensor_sweep                  
00002b05  servo_init                    
00002ba1  servo_move                    
00003ce5  sprintf                       
00002ca1  sqrt                          
00002ca1  sqrtl                         
2000231c  start_angle                   
20002320  stop_angle                    
00003f3d  strchr                        
00003f25  strcmp                        
00003f53  strcpy                        
00003f67  strlen                        
000022bb  timer_getMicros               
00002263  timer_getMillis               
0000219d  timer_init                    
0000223f  timer_pause                   
00002251  timer_resume                  
00002215  timer_stop                    
00002315  timer_waitMicros              
00002349  timer_waitMillis              
20002314  totalClockCycles              
00003d25  vsnprintf                     
00003f7b  wcslen                        


GLOBAL SYMBOLS: SORTED BY Symbol Address 

address   name                          
-------   ----                          
00000000  __TI_static_base__            
00000000  g_pfnVectors                  
0000026d  __TI_printfi                  
00000cbb  __aeabi_idiv0                 
00000cbb  __aeabi_ldiv0                 
00000cbd  pow                           
00000cbd  powl                          
00001000  __STACK_SIZE                  
00001000  __SYSMEM_SIZE                 
0000167d  lcd_reverseNibble             
000016b9  lcd_init                      
00001779  lcd_putc                      
000017b1  lcd_puts                      
000017cf  lcd_sendCommand               
0000180d  lcd_sendNibble                
00001851  lcd_gotoLine                  
00001879  lcd_setCursorPos              
000018b7  lcd_printf                    
000019a5  get_start_angle               
000019ab  get_stop_angle                
000019b1  get_object_distance           
000019b7  scan_init                     
00001a15  sensor_sweep                  
00001be1  convert_distance              
00001c85  cyBot_sendByte                
00001c91  cyBot_uart_sendStr            
00001cab  cyBot_uart_sendBuffer         
00001cc3  cyBot_uart_init_last_half     
00001d3b  cyBot_uart_init_clean         
00001d93  cyBot_uart_init_PHJ_first_half
00001df3  cyBot_uart_init               
00001e89  cyBot_uart_flush              
00001ea3  cyBot_getByte_nonblocking     
00001ec3  cyBot_getByte_blocking        
00001ed1  cyBot_UART1_Handler           
0000219d  timer_init                    
00002215  timer_stop                    
0000223f  timer_pause                   
00002251  timer_resume                  
00002263  timer_getMillis               
000022bb  timer_getMicros               
00002315  timer_waitMicros              
00002349  timer_waitMillis              
000023e5  ping_initi                    
00002467  ping_trig                     
000024db  ping_getDist                  
00002791  ping_trigger                  
000027f5  ping_init                     
00002897  ping_getDistance              
000028cd  TIMER3B_Handler               
0000294d  __aeabi_dsub                  
00002957  __aeabi_dadd                  
00002b05  servo_init                    
00002ba1  servo_move                    
00002ca1  sqrt                          
00002ca1  sqrtl                         
00002f35  __aeabi_ddiv                  
00003191  ldexp                         
00003191  ldexpl                        
00003191  scalbn                        
00003191  scalbnl                       
000032a1  __aeabi_dmul                  
0000339d  ir_init                       
000033fd  ir_getValue                   
00003411  ir_getDistance                
00003419  ir_enableInterrupt            
00003449  ADC0SS0_Handler               
00003479  ping_distance                 
000034c1  interruptHandler              
000035df  __aeabi_memcpy                
000035df  __aeabi_memcpy4               
000035df  __aeabi_memcpy8               
000035df  memcpy                        
0000367b  __aeabi_uldivmod              
00003711  main                          
00003799  __aeabi_cdcmpeq               
00003799  __aeabi_cdcmple               
0000381f  __aeabi_cdrcmple              
000038a5  __aeabi_memclr                
000038a5  __aeabi_memclr4               
000038a5  __aeabi_memclr8               
000038a7  __aeabi_memset                
000038a7  __aeabi_memset4               
000038a7  __aeabi_memset8               
000038ad  memset                        
0000398d  __aeabi_d2f                   
000039fb  __TI_decompress_lzss          
00003a65  frexp                         
00003a65  frexpl                        
00003b1f  ltoa                          
00003bc5  atoi                          
00003c11  cyBOT_init_Scan               
00003c21  cyBOT_Scan                    
00003c59  __aeabi_d2iz                  
00003ca1  __TI_auto_init_nobinit_nopinit
00003ce5  sprintf                       
00003d25  vsnprintf                     
00003da3  __aeabi_f2d                   
00003ddd  IntRegister                   
00003e11  _c_int00_noargs               
00003e75  __aeabi_i2d                   
00003ea3  __TI_zero_init_nomemset       
00003ebf  memccpy                       
00003edb  copysign                      
00003edb  copysignl                     
00003f25  strcmp                        
00003f3d  strchr                        
00003f53  strcpy                        
00003f67  strlen                        
00003f7b  wcslen                        
00003f8d  IntMasterEnable               
00003f9d  lcd_clear                     
00003fad  __TI_decompress_none          
00003fbb  CPUcpsie                      
00003fc7  ResetISR                      
00003fdd  __aeabi_errno_addr            
00003fe5  _system_pre_init              
00003fe9  C$$EXIT                       
00003fe9  abort                         
00003ff0  _ctypes_                      
00004150  __TI_Handler_Table_Base       
0000415c  __TI_Handler_Table_Limit      
00004178  __TI_CINIT_Base               
00004190  __TI_CINIT_Limit              
20000000  g_pfnRAMVectors               
20000270  __stack                       
20000470  __STACK_TOP                   
20001270  __STACK_END                   
20001270  _sys_memory                   
200022c4  isr_char_buffer               
200022f8  _timeout_ticks                
200022fc  distance                      
20002300  fallingEdge                   
20002304  isr_int_value                 
20002308  numOverflow                   
2000230c  pulseLength                   
20002310  risingEdge                    
20002314  totalClockCycles              
20002318  isRisingEdge                  
2000231c  start_angle                   
20002320  stop_angle                    
20002324  object_distance               
20002328  isr_counter                   
2000232c  counter                       
20002330  errno                         
20002334  _running                      
ffffffff  __TI_pprof_out_hndl           
ffffffff  __TI_prof_data_size           
ffffffff  __TI_prof_data_start          
ffffffff  __binit__                     
ffffffff  __c_args__                    
ffffffff  binit                         
UNDEFED   __mpu_init                    
UNDEFED   _system_post_cinit            

[154 symbols]
