******************************************************************************
                  TI ARM Linker PC v18.12.5                    
******************************************************************************
>> Linked Wed Apr 29 14:53:42 2020

OUTPUT FILE NAME:   <Lab9.out>
ENTRY POINT SYMBOL: "_c_int00_noargs"  address: 000024c1


MEMORY CONFIGURATION

         name            origin    length      used     unused   attr    fill
----------------------  --------  ---------  --------  --------  ----  --------
  FLASH                 00000000   00040000  000027c5  0003d83b  R  X
  SRAM                  20000000   00008000  0000026e  00007d92  RW X


SEGMENT ALLOCATION MAP

run origin  load origin   length   init length attrs members
----------  ----------- ---------- ----------- ----- -------
00000000    00000000    000027c8   000027c8    r-x
  00000000    00000000    0000026c   0000026c    r-- .intvecs
  0000026c    0000026c    00002420   00002420    r-x .text
  0000268c    0000268c    00000109   00000109    r-- .const
  00002798    00002798    00000030   00000030    r-- .cinit
20000000    20000000    0000026e   00000000    rw-
  20000000    20000000    00000200   00000000    rw- .stack
  20000200    20000200    00000058   00000000    rw- .bss
  20000258    20000258    00000010   00000000    rw- .sysmem
  20000268    20000268    00000006   00000000    rw- .data


SECTION ALLOCATION MAP

 output                                  attributes/
section   page    origin      length       input sections
--------  ----  ----------  ----------   ----------------
.intvecs   0    00000000    0000026c     
                  00000000    0000026c     tm4c123gh6pm_startup_ccs.obj (.intvecs)

.text      0    0000026c    00002420     
                  0000026c    00000a4e     rtsv7M4_T_le_v4SPD16_eabi.lib : _printfi.c.obj (.text:__TI_printfi)
                  00000cba    00000002                                   : div0.asm.obj (.text)
                  00000cbc    00000328     lcd.obj (.text)
                  00000fe4    00000270     rtsv7M4_T_le_v4SPD16_eabi.lib : _printfi.c.obj (.text:_pconv_a)
                  00001254    00000248     Timer.obj (.text)
                  0000149c    000001d0     rtsv7M4_T_le_v4SPD16_eabi.lib : _printfi.c.obj (.text:_pconv_g)
                  0000166c    000001b6                                   : fd_add_t2.asm.obj (.text)
                  00001822    00000002     --HOLE-- [fill = 0]
                  00001824    0000013c                                   : _printfi.c.obj (.text:_pconv_e)
                  00001960    00000136                                   : fd_div_t2.asm.obj (.text)
                  00001a96    00000002     --HOLE-- [fill = 0]
                  00001a98    00000124                                   : _printfi.c.obj (.text:fcvt)
                  00001bbc    00000110                                   : s_scalbn.c.obj (.text:scalbn)
                  00001ccc    000000fc                                   : fd_mul_t2.asm.obj (.text)
                  00001dc8    000000b1                                   : _printfi.c.obj (.text:_ltostr)
                  00001e79    00000001     --HOLE-- [fill = 0]
                  00001e7a    0000009c                                   : memcpy_t2.asm.obj (.text)
                  00001f16    00000096                                   : ull_div_t2.asm.obj (.text)
                  00001fac    00000086                                   : fd_cmp_t2.asm.obj (.text:__aeabi_cdcmple)
                  00002032    00000086                                   : fd_cmp_t2.asm.obj (.text:__aeabi_cdrcmple)
                  000020b8    0000007a                                   : memset_t2.asm.obj (.text)
                  00002132    0000006e                                   : _printfi.c.obj (.text:_mcpy)
                  000021a0    00000068                                   : copy_decompress_lzss.c.obj (.text:decompress:lzss:__TI_decompress_lzss)
                  00002208    00000064                                   : s_frexp.c.obj (.text:frexp)
                  0000226c    00000056                                   : _printfi.c.obj (.text:_pconv_f)
                  000022c2    00000054                                   : ltoa.c.obj (.text:ltoa)
                  00002316    00000052                                   : _printfi.c.obj (.text:_ecpy)
                  00002368    0000004c                                   : atoi.c.obj (.text:atoi)
                  000023b4    00000048                                   : fd_toi_t2.asm.obj (.text)
                  000023fc    00000044                                   : autoinit.c.obj (.text:__TI_auto_init_nobinit_nopinit:__TI_auto_init_nobinit_nopinit)
                  00002440    00000040                                   : vsnprintf.c.obj (.text:vsnprintf)
                  00002480    0000003e                                   : _printfi.c.obj (.text:_fcpy)
                  000024be    00000002     --HOLE-- [fill = 0]
                  000024c0    00000034                                   : boot_cortex_m.c.obj (.text:_c_int00_noargs:_c_int00_noargs)
                  000024f4    00000030                                   : vsnprintf.c.obj (.text:_outs)
                  00002524    0000002e                                   : i_tofd_t2.asm.obj (.text)
                  00002552    0000001c                                   : copy_zero_init.c.obj (.text:decompress:ZI:__TI_zero_init_nomemset:__TI_zero_init_nomemset)
                  0000256e    0000001c                                   : memccpy.c.obj (.text:memccpy)
                  0000258a    0000001a                                   : s_copysign.c.obj (.text:copysign)
                  000025a4    00000018                                   : vsnprintf.c.obj (.text:_outc)
                  000025bc    00000018     button.obj (.text)
                  000025d4    00000018     rtsv7M4_T_le_v4SPD16_eabi.lib : strcmp.c.obj (.text:strcmp)
                  000025ec    00000016                                   : strchr.c.obj (.text:strchr)
                  00002602    00000014     main.obj (.text)
                  00002616    00000014     rtsv7M4_T_le_v4SPD16_eabi.lib : strcpy.c.obj (.text:strcpy)
                  0000262a    00000014                                   : strlen.c.obj (.text:strlen)
                  0000263e    00000012                                   : wcslen.c.obj (.text:wcslen)
                  00002650    00000010     lcd.obj (.text:lcd_clear)
                  00002660    0000000e     rtsv7M4_T_le_v4SPD16_eabi.lib : copy_decompress_none.c.obj (.text:decompress:none:__TI_decompress_none)
                  0000266e    0000000c     tm4c123gh6pm_startup_ccs.obj (.text)
                  0000267a    00000002     --HOLE-- [fill = 0]
                  0000267c    00000008     rtsv7M4_T_le_v4SPD16_eabi.lib : errno.c.obj (.text:__aeabi_errno_addr)
                  00002684    00000004                                   : pre_init.c.obj (.text:_system_pre_init)
                  00002688    00000004                                   : exit.c.obj (.text:abort:abort)

.const     0    0000268c    00000109     
                  0000268c    00000101     rtsv7M4_T_le_v4SPD16_eabi.lib : ctype.c.obj (.const:.string:_ctypes_)
                  0000278d    00000004     lcd.obj (.const:.string:lineAddress$1)
                  00002791    00000004     lcd.obj (.const:.string:lineAddresses$2)

.cinit     0    00002798    00000030     
                  00002798    0000000c     (__TI_handler_table)
                  000027a4    00000004     --HOLE-- [fill = 0]
                  000027a8    00000008     (.cinit..bss.load) [load image, compression = zero_init]
                  000027b0    00000007     (.cinit..data.load) [load image, compression = lzss]
                  000027b7    00000001     --HOLE-- [fill = 0]
                  000027b8    00000010     (__TI_cinit_table)

.init_array 
*          0    00000000    00000000     UNINITIALIZED

.stack     0    20000000    00000200     UNINITIALIZED
                  20000000    00000004     rtsv7M4_T_le_v4SPD16_eabi.lib : boot_cortex_m.c.obj (.stack)
                  20000004    000001fc     --HOLE--

.bss       0    20000200    00000058     UNINITIALIZED
                  20000200    00000054     lcd.obj (.bss:lastbuffer$3)
                  20000254    00000004     (.common:_timeout_ticks)

.sysmem    0    20000258    00000010     UNINITIALIZED
                  20000258    00000010     rtsv7M4_T_le_v4SPD16_eabi.lib : memory.c.obj (.sysmem)

.data      0    20000268    00000006     UNINITIALIZED
                  20000268    00000004     rtsv7M4_T_le_v4SPD16_eabi.lib : errno.c.obj (.data)
                  2000026c    00000001     Timer.obj (.data)
                  2000026d    00000001     button.obj (.data)

MODULE SUMMARY

       Module                         code   ro data   rw data
       ------                         ----   -------   -------
    .\
       lcd.obj                        824    8         84     
       tm4c123gh6pm_startup_ccs.obj   12     620       0      
       Timer.obj                      584    0         5      
       button.obj                     24     0         1      
       main.obj                       20     0         0      
    +--+------------------------------+------+---------+---------+
       Total:                         1464   628       90     
                                                              
    C:\ti\ccs930\ccs\tools\compiler\ti-cgt-arm_18.12.5.LTS\lib\rtsv7M4_T_le_v4SPD16_eabi.lib
       _printfi.c.obj                 4851   0         0      
       fd_add_t2.asm.obj              438    0         0      
       fd_div_t2.asm.obj              310    0         0      
       s_scalbn.c.obj                 272    0         0      
       fd_cmp_t2.asm.obj              268    0         0      
       ctype.c.obj                    0      257       0      
       fd_mul_t2.asm.obj              252    0         0      
       memcpy_t2.asm.obj              156    0         0      
       ull_div_t2.asm.obj             150    0         0      
       vsnprintf.c.obj                136    0         0      
       memset_t2.asm.obj              122    0         0      
       copy_decompress_lzss.c.obj     104    0         0      
       s_frexp.c.obj                  100    0         0      
       ltoa.c.obj                     84     0         0      
       atoi.c.obj                     76     0         0      
       fd_toi_t2.asm.obj              72     0         0      
       autoinit.c.obj                 68     0         0      
       boot_cortex_m.c.obj            52     0         0      
       i_tofd_t2.asm.obj              46     0         0      
       copy_zero_init.c.obj           28     0         0      
       memccpy.c.obj                  28     0         0      
       s_copysign.c.obj               26     0         0      
       strcmp.c.obj                   24     0         0      
       strchr.c.obj                   22     0         0      
       strcpy.c.obj                   20     0         0      
       strlen.c.obj                   20     0         0      
       wcslen.c.obj                   18     0         0      
       copy_decompress_none.c.obj     14     0         0      
       errno.c.obj                    8      0         4      
       exit.c.obj                     4      0         0      
       pre_init.c.obj                 4      0         0      
       div0.asm.obj                   2      0         0      
    +--+------------------------------+------+---------+---------+
       Total:                         7775   257       4      
                                                              
       Heap:                          0      0         16     
       Stack:                         0      0         512    
       Linker Generated:              0      43        0      
    +--+------------------------------+------+---------+---------+
       Grand Total:                   9239   928       622    


LINKER GENERATED COPY TABLES

__TI_cinit_table @ 000027b8 records: 2, size/record: 8, table size: 16
	.bss: load addr=000027a8, load size=00000008 bytes, run addr=20000200, run size=00000058 bytes, compression=zero_init
	.data: load addr=000027b0, load size=00000007 bytes, run addr=20000268, run size=00000006 bytes, compression=lzss


LINKER GENERATED HANDLER TABLE

__TI_handler_table @ 00002798 records: 3, size/record: 4, table size: 12
	index: 0, handler: __TI_decompress_lzss
	index: 1, handler: __TI_decompress_none
	index: 2, handler: __TI_zero_init


GLOBAL SYMBOLS: SORTED ALPHABETICALLY BY Name 

address   name                          
-------   ----                          
00002689  C$$EXIT                       
UNDEFED   IntRegister                   
0000266f  ResetISR                      
20000200  __STACK_END                   
00000200  __STACK_SIZE                  
20000200  __STACK_TOP                   
00000010  __SYSMEM_SIZE                 
000027b8  __TI_CINIT_Base               
000027c8  __TI_CINIT_Limit              
00002798  __TI_Handler_Table_Base       
000027a4  __TI_Handler_Table_Limit      
000023fd  __TI_auto_init_nobinit_nopinit
000021a1  __TI_decompress_lzss          
00002661  __TI_decompress_none          
ffffffff  __TI_pprof_out_hndl           
0000026d  __TI_printfi                  
ffffffff  __TI_prof_data_size           
ffffffff  __TI_prof_data_start          
00000000  __TI_static_base__            
00002553  __TI_zero_init_nomemset       
00001fad  __aeabi_cdcmpeq               
00001fad  __aeabi_cdcmple               
00002033  __aeabi_cdrcmple              
000023b5  __aeabi_d2iz                  
00001677  __aeabi_dadd                  
00001961  __aeabi_ddiv                  
00001ccd  __aeabi_dmul                  
0000166d  __aeabi_dsub                  
0000267d  __aeabi_errno_addr            
00002525  __aeabi_i2d                   
00000cbb  __aeabi_idiv0                 
00000cbb  __aeabi_ldiv0                 
000020b9  __aeabi_memclr                
000020b9  __aeabi_memclr4               
000020b9  __aeabi_memclr8               
00001e7b  __aeabi_memcpy                
00001e7b  __aeabi_memcpy4               
00001e7b  __aeabi_memcpy8               
000020bb  __aeabi_memset                
000020bb  __aeabi_memset4               
000020bb  __aeabi_memset8               
00001f17  __aeabi_uldivmod              
ffffffff  __binit__                     
ffffffff  __c_args__                    
UNDEFED   __mpu_init                    
20000000  __stack                       
000024c1  _c_int00_noargs               
0000268c  _ctypes_                      
2000026c  _running                      
20000258  _sys_memory                   
UNDEFED   _system_post_cinit            
00002685  _system_pre_init              
20000254  _timeout_ticks                
00002689  abort                         
00002369  atoi                          
ffffffff  binit                         
000025cb  button_getButton              
000025bd  button_init                   
0000258b  copysign                      
0000258b  copysignl                     
20000268  errno                         
00002209  frexp                         
00002209  frexpl                        
00000000  g_pfnVectors                  
00002651  lcd_clear                     
00000e91  lcd_gotoLine                  
00000cf9  lcd_init                      
00000ef7  lcd_printf                    
00000db9  lcd_putc                      
00000df1  lcd_puts                      
00000cbd  lcd_reverseNibble             
00000e0f  lcd_sendCommand               
00000e4d  lcd_sendNibble                
00000eb9  lcd_setCursorPos              
00001bbd  ldexp                         
00001bbd  ldexpl                        
000022c3  ltoa                          
00002603  main                          
0000256f  memccpy                       
00001e7b  memcpy                        
000020c1  memset                        
00001bbd  scalbn                        
00001bbd  scalbnl                       
00002615  sensor_sweep                  
000025ed  strchr                        
000025d5  strcmp                        
00002617  strcpy                        
0000262b  strlen                        
00001373  timer_getMicros               
0000131b  timer_getMillis               
00001255  timer_init                    
000012f7  timer_pause                   
00001309  timer_resume                  
000012cd  timer_stop                    
000013cd  timer_waitMicros              
00001401  timer_waitMillis              
00002441  vsnprintf                     
0000263f  wcslen                        


GLOBAL SYMBOLS: SORTED BY Symbol Address 

address   name                          
-------   ----                          
00000000  __TI_static_base__            
00000000  g_pfnVectors                  
00000010  __SYSMEM_SIZE                 
00000200  __STACK_SIZE                  
0000026d  __TI_printfi                  
00000cbb  __aeabi_idiv0                 
00000cbb  __aeabi_ldiv0                 
00000cbd  lcd_reverseNibble             
00000cf9  lcd_init                      
00000db9  lcd_putc                      
00000df1  lcd_puts                      
00000e0f  lcd_sendCommand               
00000e4d  lcd_sendNibble                
00000e91  lcd_gotoLine                  
00000eb9  lcd_setCursorPos              
00000ef7  lcd_printf                    
00001255  timer_init                    
000012cd  timer_stop                    
000012f7  timer_pause                   
00001309  timer_resume                  
0000131b  timer_getMillis               
00001373  timer_getMicros               
000013cd  timer_waitMicros              
00001401  timer_waitMillis              
0000166d  __aeabi_dsub                  
00001677  __aeabi_dadd                  
00001961  __aeabi_ddiv                  
00001bbd  ldexp                         
00001bbd  ldexpl                        
00001bbd  scalbn                        
00001bbd  scalbnl                       
00001ccd  __aeabi_dmul                  
00001e7b  __aeabi_memcpy                
00001e7b  __aeabi_memcpy4               
00001e7b  __aeabi_memcpy8               
00001e7b  memcpy                        
00001f17  __aeabi_uldivmod              
00001fad  __aeabi_cdcmpeq               
00001fad  __aeabi_cdcmple               
00002033  __aeabi_cdrcmple              
000020b9  __aeabi_memclr                
000020b9  __aeabi_memclr4               
000020b9  __aeabi_memclr8               
000020bb  __aeabi_memset                
000020bb  __aeabi_memset4               
000020bb  __aeabi_memset8               
000020c1  memset                        
000021a1  __TI_decompress_lzss          
00002209  frexp                         
00002209  frexpl                        
000022c3  ltoa                          
00002369  atoi                          
000023b5  __aeabi_d2iz                  
000023fd  __TI_auto_init_nobinit_nopinit
00002441  vsnprintf                     
000024c1  _c_int00_noargs               
00002525  __aeabi_i2d                   
00002553  __TI_zero_init_nomemset       
0000256f  memccpy                       
0000258b  copysign                      
0000258b  copysignl                     
000025bd  button_init                   
000025cb  button_getButton              
000025d5  strcmp                        
000025ed  strchr                        
00002603  main                          
00002615  sensor_sweep                  
00002617  strcpy                        
0000262b  strlen                        
0000263f  wcslen                        
00002651  lcd_clear                     
00002661  __TI_decompress_none          
0000266f  ResetISR                      
0000267d  __aeabi_errno_addr            
00002685  _system_pre_init              
00002689  C$$EXIT                       
00002689  abort                         
0000268c  _ctypes_                      
00002798  __TI_Handler_Table_Base       
000027a4  __TI_Handler_Table_Limit      
000027b8  __TI_CINIT_Base               
000027c8  __TI_CINIT_Limit              
20000000  __stack                       
20000200  __STACK_END                   
20000200  __STACK_TOP                   
20000254  _timeout_ticks                
20000258  _sys_memory                   
20000268  errno                         
2000026c  _running                      
ffffffff  __TI_pprof_out_hndl           
ffffffff  __TI_prof_data_size           
ffffffff  __TI_prof_data_start          
ffffffff  __binit__                     
ffffffff  __c_args__                    
ffffffff  binit                         
UNDEFED   IntRegister                   
UNDEFED   __mpu_init                    
UNDEFED   _system_post_cinit            

[98 symbols]
