******************************************************************************
                  TI ARM Linker PC v18.12.2                    
******************************************************************************
>> Linked Fri Feb 28 19:04:05 2020

OUTPUT FILE NAME:   <Lab5.out>
ENTRY POINT SYMBOL: "_c_int00_noargs"  address: 000032fd


MEMORY CONFIGURATION

         name            origin    length      used     unused   attr    fill
----------------------  --------  ---------  --------  --------  ----  --------
  FLASH                 00000000   00040000  0000364e  0003c9b2  R  X
  SRAM                  20000000   00008000  000012c9  00006d37  RW X


SEGMENT ALLOCATION MAP

run origin  load origin   length   init length attrs members
----------  ----------- ---------- ----------- ----- -------
00000000    00000000    00003658   00003658    r-x
  00000000    00000000    0000026c   0000026c    r-- .intvecs
  0000026c    0000026c    00003250   00003250    r-x .text
  000034c0    000034c0    00000152   00000152    r-- .const
  00003618    00003618    00000040   00000040    r-- .cinit
20000000    20000000    000012cd   00000000    rw-
  20000000    20000000    0000026c   00000000    rw- .vtable
  20000270    20000270    00001000   00000000    rw- .stack
  20001270    20001270    00000058   00000000    rw- .bss
  200012c8    200012c8    00000005   00000000    rw- .data


SECTION ALLOCATION MAP

 output                                  attributes/
section   page    origin      length       input sections
--------  ----  ----------  ----------   ----------------
.intvecs   0    00000000    0000026c     
                  00000000    0000026c     tm4c123gh6pm_startup_ccs.obj (.intvecs)

.text      0    0000026c    00003250     
                  0000026c    00000a4e     rtsv7M4_T_le_v4SPD16_eabi.lib : _printfi.c.obj (.text:__TI_printfi)
                  00000cba    00000002                                   : div0.asm.obj (.text)
                  00000cbc    000009c0                                   : e_pow.c.obj (.text:pow)
                  0000167c    00000328     lcd.obj (.text)
                  000019a4    00000270     rtsv7M4_T_le_v4SPD16_eabi.lib : _printfi.c.obj (.text:_pconv_a)
                  00001c14    00000248     Timer.obj (.text)
                  00001e5c    000001d0     rtsv7M4_T_le_v4SPD16_eabi.lib : _printfi.c.obj (.text:_pconv_g)
                  0000202c    000001b6                                   : fd_add_t2.asm.obj (.text)
                  000021e2    00000002     --HOLE-- [fill = 0]
                  000021e4    00000158                                   : e_sqrt.c.obj (.text:sqrt)
                  0000233c    0000013c                                   : _printfi.c.obj (.text:_pconv_e)
                  00002478    00000136                                   : fd_div_t2.asm.obj (.text)
                  000025ae    00000002     --HOLE-- [fill = 0]
                  000025b0    00000124                                   : _printfi.c.obj (.text:fcvt)
                  000026d4    00000110                                   : s_scalbn.c.obj (.text:scalbn)
                  000027e4    00000104     uart.obj (.text)
                  000028e8    000000fc     rtsv7M4_T_le_v4SPD16_eabi.lib : fd_mul_t2.asm.obj (.text)
                  000029e4    000000e0     adc.obj (.text)
                  00002ac4    000000cc     main.obj (.text)
                  00002b90    000000b1     rtsv7M4_T_le_v4SPD16_eabi.lib : _printfi.c.obj (.text:_ltostr)
                  00002c41    00000001     --HOLE-- [fill = 0]
                  00002c42    0000009c                                   : memcpy_t2.asm.obj (.text)
                  00002cde    00000096                                   : ull_div_t2.asm.obj (.text)
                  00002d74    00000086                                   : fd_cmp_t2.asm.obj (.text:__aeabi_cdcmple)
                  00002dfa    00000086                                   : fd_cmp_t2.asm.obj (.text:__aeabi_cdrcmple)
                  00002e80    0000007a                                   : memset_t2.asm.obj (.text)
                  00002efa    0000006e                                   : _printfi.c.obj (.text:_mcpy)
                  00002f68    00000068                                   : copy_decompress_lzss.c.obj (.text:decompress:lzss:__TI_decompress_lzss)
                  00002fd0    00000064                                   : s_frexp.c.obj (.text:frexp)
                  00003034    00000056                                   : _printfi.c.obj (.text:_pconv_f)
                  0000308a    00000054                                   : ltoa.c.obj (.text:ltoa)
                  000030de    00000052                                   : _printfi.c.obj (.text:_ecpy)
                  00003130    0000004c                                   : atoi.c.obj (.text:atoi)
                  0000317c    00000048                                   : fd_toi_t2.asm.obj (.text)
                  000031c4    00000044                                   : autoinit.c.obj (.text:__TI_auto_init_nobinit_nopinit:__TI_auto_init_nobinit_nopinit)
                  00003208    00000040                                   : sprintf.c.obj (.text:sprintf)
                  00003248    00000040                                   : vsnprintf.c.obj (.text:vsnprintf)
                  00003288    0000003e                                   : _printfi.c.obj (.text:_fcpy)
                  000032c6    00000002     --HOLE-- [fill = 0]
                  000032c8    00000034     driverlib.lib : interrupt.obj (.text:IntRegister)
                  000032fc    00000034     rtsv7M4_T_le_v4SPD16_eabi.lib : boot_cortex_m.c.obj (.text:_c_int00_noargs:_c_int00_noargs)
                  00003330    00000030                                   : vsnprintf.c.obj (.text:_outs)
                  00003360    0000002e                                   : i_tofd_t2.asm.obj (.text)
                  0000338e    0000001c                                   : copy_zero_init.c.obj (.text:decompress:ZI:__TI_zero_init_nomemset:__TI_zero_init_nomemset)
                  000033aa    0000001c                                   : memccpy.c.obj (.text:memccpy)
                  000033c6    0000001a                                   : s_copysign.c.obj (.text:copysign)
                  000033e0    00000018                                   : vsnprintf.c.obj (.text:_outc)
                  000033f8    00000018                                   : sprintf.c.obj (.text:_outs)
                  00003410    00000018                                   : strcmp.c.obj (.text:strcmp)
                  00003428    00000016                                   : strchr.c.obj (.text:strchr)
                  0000343e    00000014                                   : strcpy.c.obj (.text:strcpy)
                  00003452    00000014                                   : strlen.c.obj (.text:strlen)
                  00003466    00000012                                   : wcslen.c.obj (.text:wcslen)
                  00003478    00000010     lcd.obj (.text:lcd_clear)
                  00003488    0000000e     rtsv7M4_T_le_v4SPD16_eabi.lib : copy_decompress_none.c.obj (.text:decompress:none:__TI_decompress_none)
                  00003496    0000000c     tm4c123gh6pm_startup_ccs.obj (.text)
                  000034a2    0000000a     rtsv7M4_T_le_v4SPD16_eabi.lib : sprintf.c.obj (.text:_outc)
                  000034ac    00000008                                   : errno.c.obj (.text:__aeabi_errno_addr)
                  000034b4    00000004                                   : pre_init.c.obj (.text:_system_pre_init)
                  000034b8    00000004                                   : exit.c.obj (.text:abort:abort)

.const     0    000034c0    00000152     
                  000034c0    00000101     rtsv7M4_T_le_v4SPD16_eabi.lib : ctype.c.obj (.const:.string:_ctypes_)
                  000035c1    00000004     lcd.obj (.const:.string:lineAddress$1)
                  000035c5    00000003     --HOLE-- [fill = 0]
                  000035c8    00000030     rtsv7M4_T_le_v4SPD16_eabi.lib : e_pow.c.obj (.const:$O1$$)
                  000035f8    00000016     main.obj (.const:.string:$P$T0$1)
                  0000360e    00000004     lcd.obj (.const:.string:lineAddresses$2)

.cinit     0    00003618    00000040     
                  00003618    0000000c     (__TI_handler_table)
                  00003624    00000004     --HOLE-- [fill = 0]
                  00003628    00000008     (.cinit..bss.load) [load image, compression = zero_init]
                  00003630    00000008     (.cinit..vtable.load) [load image, compression = zero_init]
                  00003638    00000007     (.cinit..data.load) [load image, compression = lzss]
                  0000363f    00000001     --HOLE-- [fill = 0]
                  00003640    00000018     (__TI_cinit_table)

.init_array 
*          0    00000000    00000000     UNINITIALIZED

.vtable    0    20000000    0000026c     UNINITIALIZED
                  20000000    0000026c     driverlib.lib : interrupt.obj (.vtable)

.bss       0    20001270    00000058     UNINITIALIZED
                  20001270    00000054     lcd.obj (.bss:lastbuffer$3)
                  200012c4    00000004     (.common:_timeout_ticks)

.data      0    200012c8    00000005     UNINITIALIZED
                  200012c8    00000004     rtsv7M4_T_le_v4SPD16_eabi.lib : errno.c.obj (.data)
                  200012cc    00000001     Timer.obj (.data)

.stack     0    20000270    00001000     UNINITIALIZED
                  20000270    00000004     rtsv7M4_T_le_v4SPD16_eabi.lib : boot_cortex_m.c.obj (.stack)
                  20000274    00000ffc     --HOLE--

MODULE SUMMARY

       Module                         code    ro data   rw data
       ------                         ----    -------   -------
    .\
       lcd.obj                        824     8         84     
       tm4c123gh6pm_startup_ccs.obj   12      620       0      
       Timer.obj                      584     0         5      
       uart.obj                       260     0         0      
       main.obj                       204     22        0      
       adc.obj                        224     0         0      
    +--+------------------------------+-------+---------+---------+
       Total:                         2108    650       89     
                                                               
    C:/ti/TivaWare_C_Series-2.1.4.178/driverlib/ccs/Debug/driverlib.lib
       interrupt.obj                  52      0         620    
    +--+------------------------------+-------+---------+---------+
       Total:                         52      0         620    
                                                               
    C:\ti\ccs910\ccs\tools\compiler\ti-cgt-arm_18.12.2.LTS\lib\rtsv7M4_T_le_v4SPD16_eabi.lib
       _printfi.c.obj                 4851    0         0      
       e_pow.c.obj                    2496    48        0      
       fd_add_t2.asm.obj              438     0         0      
       e_sqrt.c.obj                   344     0         0      
       fd_div_t2.asm.obj              310     0         0      
       s_scalbn.c.obj                 272     0         0      
       fd_cmp_t2.asm.obj              268     0         0      
       ctype.c.obj                    0       257       0      
       fd_mul_t2.asm.obj              252     0         0      
       memcpy_t2.asm.obj              156     0         0      
       ull_div_t2.asm.obj             150     0         0      
       vsnprintf.c.obj                136     0         0      
       memset_t2.asm.obj              122     0         0      
       copy_decompress_lzss.c.obj     104     0         0      
       s_frexp.c.obj                  100     0         0      
       sprintf.c.obj                  98      0         0      
       ltoa.c.obj                     84      0         0      
       atoi.c.obj                     76      0         0      
       fd_toi_t2.asm.obj              72      0         0      
       autoinit.c.obj                 68      0         0      
       boot_cortex_m.c.obj            52      0         0      
       i_tofd_t2.asm.obj              46      0         0      
       copy_zero_init.c.obj           28      0         0      
       memccpy.c.obj                  28      0         0      
       s_copysign.c.obj               26      0         0      
       strcmp.c.obj                   24      0         0      
       strchr.c.obj                   22      0         0      
       strcpy.c.obj                   20      0         0      
       strlen.c.obj                   20      0         0      
       wcslen.c.obj                   18      0         0      
       copy_decompress_none.c.obj     14      0         0      
       errno.c.obj                    8       0         4      
       exit.c.obj                     4       0         0      
       pre_init.c.obj                 4       0         0      
       div0.asm.obj                   2       0         0      
    +--+------------------------------+-------+---------+---------+
       Total:                         10713   305       4      
                                                               
       Stack:                         0       0         4096   
       Linker Generated:              0       59        0      
    +--+------------------------------+-------+---------+---------+
       Grand Total:                   12873   1014      4809   


LINKER GENERATED COPY TABLES

__TI_cinit_table @ 00003640 records: 3, size/record: 8, table size: 24
	.bss: load addr=00003628, load size=00000008 bytes, run addr=20001270, run size=00000058 bytes, compression=zero_init
	.vtable: load addr=00003630, load size=00000008 bytes, run addr=20000000, run size=0000026c bytes, compression=zero_init
	.data: load addr=00003638, load size=00000007 bytes, run addr=200012c8, run size=00000005 bytes, compression=lzss


LINKER GENERATED HANDLER TABLE

__TI_handler_table @ 00003618 records: 3, size/record: 4, table size: 12
	index: 0, handler: __TI_zero_init
	index: 1, handler: __TI_decompress_lzss
	index: 2, handler: __TI_decompress_none


GLOBAL SYMBOLS: SORTED ALPHABETICALLY BY Name 

address   name                          
-------   ----                          
000034b9  C$$EXIT                       
000032c9  IntRegister                   
00003497  ResetISR                      
20001270  __STACK_END                   
00001000  __STACK_SIZE                  
20000470  __STACK_TOP                   
00003640  __TI_CINIT_Base               
00003658  __TI_CINIT_Limit              
00003618  __TI_Handler_Table_Base       
00003624  __TI_Handler_Table_Limit      
000031c5  __TI_auto_init_nobinit_nopinit
00002f69  __TI_decompress_lzss          
00003489  __TI_decompress_none          
ffffffff  __TI_pprof_out_hndl           
0000026d  __TI_printfi                  
ffffffff  __TI_prof_data_size           
ffffffff  __TI_prof_data_start          
00000000  __TI_static_base__            
0000338f  __TI_zero_init_nomemset       
00002d75  __aeabi_cdcmpeq               
00002d75  __aeabi_cdcmple               
00002dfb  __aeabi_cdrcmple              
0000317d  __aeabi_d2iz                  
00002037  __aeabi_dadd                  
00002479  __aeabi_ddiv                  
000028e9  __aeabi_dmul                  
0000202d  __aeabi_dsub                  
000034ad  __aeabi_errno_addr            
00003361  __aeabi_i2d                   
00000cbb  __aeabi_idiv0                 
00000cbb  __aeabi_ldiv0                 
00002e81  __aeabi_memclr                
00002e81  __aeabi_memclr4               
00002e81  __aeabi_memclr8               
00002c43  __aeabi_memcpy                
00002c43  __aeabi_memcpy4               
00002c43  __aeabi_memcpy8               
00002e83  __aeabi_memset                
00002e83  __aeabi_memset4               
00002e83  __aeabi_memset8               
00002cdf  __aeabi_uldivmod              
ffffffff  __binit__                     
ffffffff  __c_args__                    
UNDEFED   __mpu_init                    
20000270  __stack                       
000032fd  _c_int00_noargs               
000034c0  _ctypes_                      
200012cc  _running                      
UNDEFED   _system_post_cinit            
000034b5  _system_pre_init              
200012c4  _timeout_ticks                
000034b9  abort                         
000029e5  adc_init                      
00002a61  adc_read                      
00003131  atoi                          
ffffffff  binit                         
000033c7  copysign                      
000033c7  copysignl                     
200012c8  errno                         
00002fd1  frexp                         
00002fd1  frexpl                        
20000000  g_pfnRAMVectors               
00000000  g_pfnVectors                  
00003479  lcd_clear                     
00001851  lcd_gotoLine                  
000016b9  lcd_init                      
000018b7  lcd_printf                    
00001779  lcd_putc                      
000017b1  lcd_puts                      
0000167d  lcd_reverseNibble             
000017cf  lcd_sendCommand               
0000180d  lcd_sendNibble                
00001879  lcd_setCursorPos              
000026d5  ldexp                         
000026d5  ldexpl                        
0000308b  ltoa                          
00002ac5  main                          
000033ab  memccpy                       
00002c43  memcpy                        
00002e89  memset                        
00000cbd  pow                           
00000cbd  powl                          
000026d5  scalbn                        
000026d5  scalbnl                       
00003209  sprintf                       
000021e5  sqrt                          
000021e5  sqrtl                         
00003429  strchr                        
00003411  strcmp                        
0000343f  strcpy                        
00003453  strlen                        
00001d33  timer_getMicros               
00001cdb  timer_getMillis               
00001c15  timer_init                    
00001cb7  timer_pause                   
00001cc9  timer_resume                  
00001c8d  timer_stop                    
00001d8d  timer_waitMicros              
00001dc1  timer_waitMillis              
000027e5  uart_init                     
00002875  uart_receive                  
00002859  uart_sendChar                 
0000289b  uart_sendStr                  
00003249  vsnprintf                     
00003467  wcslen                        


GLOBAL SYMBOLS: SORTED BY Symbol Address 

address   name                          
-------   ----                          
00000000  __TI_static_base__            
00000000  g_pfnVectors                  
0000026d  __TI_printfi                  
00000cbb  __aeabi_idiv0                 
00000cbb  __aeabi_ldiv0                 
00000cbd  pow                           
00000cbd  powl                          
00001000  __STACK_SIZE                  
0000167d  lcd_reverseNibble             
000016b9  lcd_init                      
00001779  lcd_putc                      
000017b1  lcd_puts                      
000017cf  lcd_sendCommand               
0000180d  lcd_sendNibble                
00001851  lcd_gotoLine                  
00001879  lcd_setCursorPos              
000018b7  lcd_printf                    
00001c15  timer_init                    
00001c8d  timer_stop                    
00001cb7  timer_pause                   
00001cc9  timer_resume                  
00001cdb  timer_getMillis               
00001d33  timer_getMicros               
00001d8d  timer_waitMicros              
00001dc1  timer_waitMillis              
0000202d  __aeabi_dsub                  
00002037  __aeabi_dadd                  
000021e5  sqrt                          
000021e5  sqrtl                         
00002479  __aeabi_ddiv                  
000026d5  ldexp                         
000026d5  ldexpl                        
000026d5  scalbn                        
000026d5  scalbnl                       
000027e5  uart_init                     
00002859  uart_sendChar                 
00002875  uart_receive                  
0000289b  uart_sendStr                  
000028e9  __aeabi_dmul                  
000029e5  adc_init                      
00002a61  adc_read                      
00002ac5  main                          
00002c43  __aeabi_memcpy                
00002c43  __aeabi_memcpy4               
00002c43  __aeabi_memcpy8               
00002c43  memcpy                        
00002cdf  __aeabi_uldivmod              
00002d75  __aeabi_cdcmpeq               
00002d75  __aeabi_cdcmple               
00002dfb  __aeabi_cdrcmple              
00002e81  __aeabi_memclr                
00002e81  __aeabi_memclr4               
00002e81  __aeabi_memclr8               
00002e83  __aeabi_memset                
00002e83  __aeabi_memset4               
00002e83  __aeabi_memset8               
00002e89  memset                        
00002f69  __TI_decompress_lzss          
00002fd1  frexp                         
00002fd1  frexpl                        
0000308b  ltoa                          
00003131  atoi                          
0000317d  __aeabi_d2iz                  
000031c5  __TI_auto_init_nobinit_nopinit
00003209  sprintf                       
00003249  vsnprintf                     
000032c9  IntRegister                   
000032fd  _c_int00_noargs               
00003361  __aeabi_i2d                   
0000338f  __TI_zero_init_nomemset       
000033ab  memccpy                       
000033c7  copysign                      
000033c7  copysignl                     
00003411  strcmp                        
00003429  strchr                        
0000343f  strcpy                        
00003453  strlen                        
00003467  wcslen                        
00003479  lcd_clear                     
00003489  __TI_decompress_none          
00003497  ResetISR                      
000034ad  __aeabi_errno_addr            
000034b5  _system_pre_init              
000034b9  C$$EXIT                       
000034b9  abort                         
000034c0  _ctypes_                      
00003618  __TI_Handler_Table_Base       
00003624  __TI_Handler_Table_Limit      
00003640  __TI_CINIT_Base               
00003658  __TI_CINIT_Limit              
20000000  g_pfnRAMVectors               
20000270  __stack                       
20000470  __STACK_TOP                   
20001270  __STACK_END                   
200012c4  _timeout_ticks                
200012c8  errno                         
200012cc  _running                      
ffffffff  __TI_pprof_out_hndl           
ffffffff  __TI_prof_data_size           
ffffffff  __TI_prof_data_start          
ffffffff  __binit__                     
ffffffff  __c_args__                    
ffffffff  binit                         
UNDEFED   __mpu_init                    
UNDEFED   _system_post_cinit            

[105 symbols]
