******************************************************************************
                  TI ARM Linker PC v20.2.0                     
******************************************************************************
>> Linked Wed Apr  1 20:57:54 2020

OUTPUT FILE NAME:   <Lab7Final.out>
ENTRY POINT SYMBOL: "_c_int00_noargs"  address: 00002761


MEMORY CONFIGURATION

         name            origin    length      used     unused   attr    fill
----------------------  --------  ---------  --------  --------  ----  --------
  FLASH                 00000000   00040000  00002a39  0003d5c7  R  X
  SRAM                  20000000   00008000  0000106d  00006f93  RW X


SEGMENT ALLOCATION MAP

run origin  load origin   length   init length attrs members
----------  ----------- ---------- ----------- ----- -------
00000000    00000000    00002a40   00002a40    r-x
  00000000    00000000    0000026c   0000026c    r-- .intvecs
  0000026c    0000026c    00002694   00002694    r-x .text
  00002900    00002900    00000109   00000109    r-- .const
  00002a10    00002a10    00000030   00000030    r-- .cinit
20000000    20000000    0000106d   00000000    rw-
  20000000    20000000    00001000   00000000    rw- .stack
  20001000    20001000    00000064   00000000    rw- .bss
  20001064    20001064    00000009   00000000    rw- .data


SECTION ALLOCATION MAP

 output                                  attributes/
section   page    origin      length       input sections
--------  ----  ----------  ----------   ----------------
.intvecs   0    00000000    0000026c     
                  00000000    0000026c     tm4c123gh6pm_startup_ccs.obj (.intvecs)

.text      0    0000026c    00002694     
                  0000026c    00000a4e     rtsv7M4_T_le_v4SPD16_eabi.lib : _printfi.c.obj (.text:__TI_printfi)
                  00000cba    00000002                                   : div0.asm.obj (.text)
                  00000cbc    00000328     lcd.obj (.text)
                  00000fe4    00000270     rtsv7M4_T_le_v4SPD16_eabi.lib : _printfi.c.obj (.text:_pconv_a)
                  00001254    00000248     Timer.obj (.text)
                  0000149c    000001dc     ping.obj (.text)
                  00001678    000001d0     rtsv7M4_T_le_v4SPD16_eabi.lib : _printfi.c.obj (.text:_pconv_g)
                  00001848    000001b6                                   : fd_add_t2.asm.obj (.text)
                  000019fe    00000002     --HOLE-- [fill = 0]
                  00001a00    0000013c                                   : _printfi.c.obj (.text:_pconv_e)
                  00001b3c    00000136                                   : fd_div_t2.asm.obj (.text)
                  00001c72    00000002     --HOLE-- [fill = 0]
                  00001c74    00000124                                   : _printfi.c.obj (.text:fcvt)
                  00001d98    00000110                                   : s_scalbn.c.obj (.text:scalbn)
                  00001ea8    000000fc                                   : fd_mul_t2.asm.obj (.text)
                  00001fa4    000000c4     main.obj (.text)
                  00002068    000000b1     rtsv7M4_T_le_v4SPD16_eabi.lib : _printfi.c.obj (.text:_ltostr)
                  00002119    00000001     --HOLE-- [fill = 0]
                  0000211a    0000009c                                   : memcpy_t2.asm.obj (.text)
                  000021b6    00000096                                   : ull_div_t2.asm.obj (.text)
                  0000224c    00000086                                   : fd_cmp_t2.asm.obj (.text:__aeabi_cdcmple)
                  000022d2    00000086                                   : fd_cmp_t2.asm.obj (.text:__aeabi_cdrcmple)
                  00002358    0000007a                                   : memset_t2.asm.obj (.text)
                  000023d2    0000006e                                   : _printfi.c.obj (.text:_mcpy)
                  00002440    00000068                                   : copy_decompress_lzss.c.obj (.text:decompress:lzss:__TI_decompress_lzss)
                  000024a8    00000064                                   : s_frexp.c.obj (.text:frexp)
                  0000250c    00000056                                   : _printfi.c.obj (.text:_pconv_f)
                  00002562    00000054                                   : _ltoa.c.obj (.text:__TI_ltoa)
                  000025b6    00000052                                   : _printfi.c.obj (.text:_ecpy)
                  00002608    0000004c                                   : atoi.c.obj (.text:atoi)
                  00002654    00000048                                   : fd_toi_t2.asm.obj (.text)
                  0000269c    00000044                                   : autoinit.c.obj (.text:__TI_auto_init_nobinit_nopinit:__TI_auto_init_nobinit_nopinit)
                  000026e0    00000040                                   : vsnprintf.c.obj (.text:vsnprintf)
                  00002720    0000003e                                   : _printfi.c.obj (.text:_fcpy)
                  0000275e    00000002     --HOLE-- [fill = 0]
                  00002760    00000034                                   : boot_cortex_m.c.obj (.text:_c_int00_noargs:_c_int00_noargs)
                  00002794    00000030                                   : vsnprintf.c.obj (.text:_outs)
                  000027c4    0000002e                                   : i_tofd_t2.asm.obj (.text)
                  000027f2    0000001c                                   : copy_zero_init.c.obj (.text:decompress:ZI:__TI_zero_init_nomemset:__TI_zero_init_nomemset)
                  0000280e    0000001c                                   : memccpy.c.obj (.text:memccpy)
                  0000282a    0000001a                                   : s_copysign.c.obj (.text:copysign)
                  00002844    00000018                                   : vsnprintf.c.obj (.text:_outc)
                  0000285c    00000018                                   : strcmp.c.obj (.text:strcmp)
                  00002874    00000016                                   : strchr.c.obj (.text:strchr)
                  0000288a    00000014                                   : strcpy.c.obj (.text:strcpy)
                  0000289e    00000014                                   : strlen.c.obj (.text:strlen)
                  000028b2    00000012                                   : wcslen.c.obj (.text:wcslen)
                  000028c4    00000010     lcd.obj (.text:lcd_clear)
                  000028d4    0000000e     rtsv7M4_T_le_v4SPD16_eabi.lib : copy_decompress_none.c.obj (.text:decompress:none:__TI_decompress_none)
                  000028e2    0000000c     tm4c123gh6pm_startup_ccs.obj (.text)
                  000028ee    00000002     --HOLE-- [fill = 0]
                  000028f0    00000008     rtsv7M4_T_le_v4SPD16_eabi.lib : errno.c.obj (.text:__aeabi_errno_addr)
                  000028f8    00000004                                   : pre_init.c.obj (.text:_system_pre_init)
                  000028fc    00000004                                   : exit.c.obj (.text:abort:abort)

.const     0    00002900    00000109     
                  00002900    00000101     rtsv7M4_T_le_v4SPD16_eabi.lib : ctype.c.obj (.const:.string:_ctypes_)
                  00002a01    00000004     lcd.obj (.const:.string:lineAddress$1)
                  00002a05    00000004     lcd.obj (.const:.string:lineAddresses$2)

.cinit     0    00002a10    00000030     
                  00002a10    0000000c     (__TI_handler_table)
                  00002a1c    00000004     --HOLE-- [fill = 0]
                  00002a20    00000008     (.cinit..bss.load) [load image, compression = zero_init]
                  00002a28    00000007     (.cinit..data.load) [load image, compression = lzss]
                  00002a2f    00000001     --HOLE-- [fill = 0]
                  00002a30    00000010     (__TI_cinit_table)

.init_array 
*          0    00000000    00000000     UNINITIALIZED

.bss       0    20001000    00000064     UNINITIALIZED
                  20001000    00000054     lcd.obj (.bss:lastbuffer$3)
                  20001054    00000004     (.common:_timeout_ticks)
                  20001058    00000004     (.common:distance)
                  2000105c    00000004     (.common:numOverflow)
                  20001060    00000004     (.common:totalClockCycles)

.data      0    20001064    00000009     UNINITIALIZED
                  20001064    00000004     main.obj (.data)
                  20001068    00000004     rtsv7M4_T_le_v4SPD16_eabi.lib : errno.c.obj (.data)
                  2000106c    00000001     Timer.obj (.data)

.stack     0    20000000    00001000     UNINITIALIZED
                  20000000    00000004     rtsv7M4_T_le_v4SPD16_eabi.lib : boot_cortex_m.c.obj (.stack)
                  20000004    00000ffc     --HOLE--

__llvm_prf_cnts 
*          0    20000000    00000000     UNINITIALIZED

MODULE SUMMARY

       Module                         code   ro data   rw data
       ------                         ----   -------   -------
    .\
       lcd.obj                        824    8         84     
       tm4c123gh6pm_startup_ccs.obj   12     620       0      
       Timer.obj                      584    0         5      
       ping.obj                       476    0         12     
       main.obj                       196    0         4      
    +--+------------------------------+------+---------+---------+
       Total:                         2092   628       105    
                                                              
    G:\CSS\ccs\tools\compiler\ti-cgt-arm_20.2.0.LTS\lib\rtsv7M4_T_le_v4SPD16_eabi.lib
       _printfi.c.obj                 4851   0         0      
       fd_add_t2.asm.obj              438    0         0      
       fd_div_t2.asm.obj              310    0         0      
       s_scalbn.c.obj                 272    0         0      
       fd_cmp_t2.asm.obj              268    0         0      
       ctype.c.obj                    0      257       0      
       fd_mul_t2.asm.obj              252    0         0      
       memcpy_t2.asm.obj              156    0         0      
       ull_div_t2.asm.obj             150    0         0      
       vsnprintf.c.obj                136    0         0      
       memset_t2.asm.obj              122    0         0      
       copy_decompress_lzss.c.obj     104    0         0      
       s_frexp.c.obj                  100    0         0      
       _ltoa.c.obj                    84     0         0      
       atoi.c.obj                     76     0         0      
       fd_toi_t2.asm.obj              72     0         0      
       autoinit.c.obj                 68     0         0      
       boot_cortex_m.c.obj            52     0         0      
       i_tofd_t2.asm.obj              46     0         0      
       copy_zero_init.c.obj           28     0         0      
       memccpy.c.obj                  28     0         0      
       s_copysign.c.obj               26     0         0      
       strcmp.c.obj                   24     0         0      
       strchr.c.obj                   22     0         0      
       strcpy.c.obj                   20     0         0      
       strlen.c.obj                   20     0         0      
       wcslen.c.obj                   18     0         0      
       copy_decompress_none.c.obj     14     0         0      
       errno.c.obj                    8      0         4      
       exit.c.obj                     4      0         0      
       pre_init.c.obj                 4      0         0      
       div0.asm.obj                   2      0         0      
    +--+------------------------------+------+---------+---------+
       Total:                         7775   257       4      
                                                              
       Stack:                         0      0         4096   
       Linker Generated:              0      43        0      
    +--+------------------------------+------+---------+---------+
       Grand Total:                   9867   928       4205   


LINKER GENERATED COPY TABLES

__TI_cinit_table @ 00002a30 records: 2, size/record: 8, table size: 16
	.bss: load addr=00002a20, load size=00000008 bytes, run addr=20001000, run size=00000064 bytes, compression=zero_init
	.data: load addr=00002a28, load size=00000007 bytes, run addr=20001064, run size=00000009 bytes, compression=lzss


LINKER GENERATED HANDLER TABLE

__TI_handler_table @ 00002a10 records: 3, size/record: 4, table size: 12
	index: 0, handler: __TI_decompress_lzss
	index: 1, handler: __TI_decompress_none
	index: 2, handler: __TI_zero_init


GLOBAL SYMBOLS: SORTED ALPHABETICALLY BY Name 

address   name                          
-------   ----                          
000028fd  C$$EXIT                       
UNDEFED   IntMasterEnable               
UNDEFED   IntRegister                   
000028e3  ResetISR                      
20001000  __STACK_END                   
00001000  __STACK_SIZE                  
20000200  __STACK_TOP                   
00002a30  __TI_CINIT_Base               
00002a40  __TI_CINIT_Limit              
00002a10  __TI_Handler_Table_Base       
00002a1c  __TI_Handler_Table_Limit      
0000269d  __TI_auto_init_nobinit_nopinit
00002441  __TI_decompress_lzss          
000028d5  __TI_decompress_none          
00002563  __TI_ltoa                     
ffffffff  __TI_pprof_out_hndl           
0000026d  __TI_printfi                  
ffffffff  __TI_prof_data_size           
ffffffff  __TI_prof_data_start          
00000000  __TI_static_base__            
000027f3  __TI_zero_init_nomemset       
0000224d  __aeabi_cdcmpeq               
0000224d  __aeabi_cdcmple               
000022d3  __aeabi_cdrcmple              
00002655  __aeabi_d2iz                  
00001853  __aeabi_dadd                  
00001b3d  __aeabi_ddiv                  
00001ea9  __aeabi_dmul                  
00001849  __aeabi_dsub                  
000028f1  __aeabi_errno_addr            
000027c5  __aeabi_i2d                   
00000cbb  __aeabi_idiv0                 
00000cbb  __aeabi_ldiv0                 
00002359  __aeabi_memclr                
00002359  __aeabi_memclr4               
00002359  __aeabi_memclr8               
0000211b  __aeabi_memcpy                
0000211b  __aeabi_memcpy4               
0000211b  __aeabi_memcpy8               
0000235b  __aeabi_memset                
0000235b  __aeabi_memset4               
0000235b  __aeabi_memset8               
000021b7  __aeabi_uldivmod              
ffffffff  __binit__                     
ffffffff  __c_args__                    
UNDEFED   __mpu_init                    
20000000  __stack                       
20000000  __start___llvm_prf_cnts       
20000000  __stop___llvm_prf_cnts        
00002761  _c_int00_noargs               
00002900  _ctypes_                      
2000106c  _running                      
UNDEFED   _system_post_cinit            
000028f9  _system_pre_init              
20001054  _timeout_ticks                
000028fd  abort                         
00002609  atoi                          
ffffffff  binit                         
0000282b  copysign                      
0000282b  copysignl                     
20001064  counter                       
20001058  distance                      
20001068  errno                         
UNDEFED   fallingEdge                   
000024a9  frexp                         
000024a9  frexpl                        
00000000  g_pfnVectors                  
00001ff7  interruptHandler              
000028c5  lcd_clear                     
00000e91  lcd_gotoLine                  
00000cf9  lcd_init                      
00000ef7  lcd_printf                    
00000db9  lcd_putc                      
00000df1  lcd_puts                      
00000cbd  lcd_reverseNibble             
00000e0f  lcd_sendCommand               
00000e4d  lcd_sendNibble                
00000eb9  lcd_setCursorPos              
00001d99  ldexp                         
00001d99  ldexpl                        
00001fa5  main                          
0000280f  memccpy                       
0000211b  memcpy                        
00002361  memset                        
2000105c  numOverflow                   
00001593  ping_getDistance              
0000149d  ping_init                     
0000151f  ping_trigger                  
UNDEFED   risingEdge                    
00001d99  scalbn                        
00001d99  scalbnl                       
00002875  strchr                        
0000285d  strcmp                        
0000288b  strcpy                        
0000289f  strlen                        
00001373  timer_getMicros               
0000131b  timer_getMillis               
00001255  timer_init                    
000012f7  timer_pause                   
00001309  timer_resume                  
000012cd  timer_stop                    
000013cd  timer_waitMicros              
000013ff  timer_waitMillis              
20001060  totalClockCycles              
000026e1  vsnprintf                     
000028b3  wcslen                        


GLOBAL SYMBOLS: SORTED BY Symbol Address 

address   name                          
-------   ----                          
00000000  __TI_static_base__            
00000000  g_pfnVectors                  
0000026d  __TI_printfi                  
00000cbb  __aeabi_idiv0                 
00000cbb  __aeabi_ldiv0                 
00000cbd  lcd_reverseNibble             
00000cf9  lcd_init                      
00000db9  lcd_putc                      
00000df1  lcd_puts                      
00000e0f  lcd_sendCommand               
00000e4d  lcd_sendNibble                
00000e91  lcd_gotoLine                  
00000eb9  lcd_setCursorPos              
00000ef7  lcd_printf                    
00001000  __STACK_SIZE                  
00001255  timer_init                    
000012cd  timer_stop                    
000012f7  timer_pause                   
00001309  timer_resume                  
0000131b  timer_getMillis               
00001373  timer_getMicros               
000013cd  timer_waitMicros              
000013ff  timer_waitMillis              
0000149d  ping_init                     
0000151f  ping_trigger                  
00001593  ping_getDistance              
00001849  __aeabi_dsub                  
00001853  __aeabi_dadd                  
00001b3d  __aeabi_ddiv                  
00001d99  ldexp                         
00001d99  ldexpl                        
00001d99  scalbn                        
00001d99  scalbnl                       
00001ea9  __aeabi_dmul                  
00001fa5  main                          
00001ff7  interruptHandler              
0000211b  __aeabi_memcpy                
0000211b  __aeabi_memcpy4               
0000211b  __aeabi_memcpy8               
0000211b  memcpy                        
000021b7  __aeabi_uldivmod              
0000224d  __aeabi_cdcmpeq               
0000224d  __aeabi_cdcmple               
000022d3  __aeabi_cdrcmple              
00002359  __aeabi_memclr                
00002359  __aeabi_memclr4               
00002359  __aeabi_memclr8               
0000235b  __aeabi_memset                
0000235b  __aeabi_memset4               
0000235b  __aeabi_memset8               
00002361  memset                        
00002441  __TI_decompress_lzss          
000024a9  frexp                         
000024a9  frexpl                        
00002563  __TI_ltoa                     
00002609  atoi                          
00002655  __aeabi_d2iz                  
0000269d  __TI_auto_init_nobinit_nopinit
000026e1  vsnprintf                     
00002761  _c_int00_noargs               
000027c5  __aeabi_i2d                   
000027f3  __TI_zero_init_nomemset       
0000280f  memccpy                       
0000282b  copysign                      
0000282b  copysignl                     
0000285d  strcmp                        
00002875  strchr                        
0000288b  strcpy                        
0000289f  strlen                        
000028b3  wcslen                        
000028c5  lcd_clear                     
000028d5  __TI_decompress_none          
000028e3  ResetISR                      
000028f1  __aeabi_errno_addr            
000028f9  _system_pre_init              
000028fd  C$$EXIT                       
000028fd  abort                         
00002900  _ctypes_                      
00002a10  __TI_Handler_Table_Base       
00002a1c  __TI_Handler_Table_Limit      
00002a30  __TI_CINIT_Base               
00002a40  __TI_CINIT_Limit              
20000000  __stack                       
20000000  __start___llvm_prf_cnts       
20000000  __stop___llvm_prf_cnts        
20000200  __STACK_TOP                   
20001000  __STACK_END                   
20001054  _timeout_ticks                
20001058  distance                      
2000105c  numOverflow                   
20001060  totalClockCycles              
20001064  counter                       
20001068  errno                         
2000106c  _running                      
ffffffff  __TI_pprof_out_hndl           
ffffffff  __TI_prof_data_size           
ffffffff  __TI_prof_data_start          
ffffffff  __binit__                     
ffffffff  __c_args__                    
ffffffff  binit                         
UNDEFED   IntMasterEnable               
UNDEFED   IntRegister                   
UNDEFED   __mpu_init                    
UNDEFED   _system_post_cinit            
UNDEFED   fallingEdge                   
UNDEFED   risingEdge                    

[106 symbols]
